Archive member included to satisfy reference by file (symbol)

/home/martina/pico-tools/riscv-toolchain/bin/../lib/gcc/riscv32-unknown-elf/15.2.0/rv32imac_zicsr_zifencei_zaamo_zalrsc_zba_zbb_zbkb_zbs/ilp32/libgcc.a(_divdi3.o)
                              CMakeFiles/pico2_hardened.dir/home/martina/pico~/pico-sdk/src/common/pico_time/time.c.o (__divdi3)
/home/martina/pico-tools/riscv-toolchain/bin/../lib/gcc/riscv32-unknown-elf/15.2.0/rv32imac_zicsr_zifencei_zaamo_zalrsc_zba_zbb_zbkb_zbs/ilp32/libgcc.a(_moddi3.o)
                              CMakeFiles/pico2_hardened.dir/home/martina/pico~/pico-sdk/src/common/pico_util/datetime.c.o (__moddi3)
/home/martina/pico-tools/riscv-toolchain/bin/../lib/gcc/riscv32-unknown-elf/15.2.0/rv32imac_zicsr_zifencei_zaamo_zalrsc_zba_zbb_zbkb_zbs/ilp32/libgcc.a(_udivdi3.o)
                              CMakeFiles/pico2_hardened.dir/home/martina/pico~/pico-sdk/src/rp2_common/hardware_clocks/clocks.c.o (__udivdi3)
/home/martina/pico-tools/riscv-toolchain/bin/../lib/gcc/riscv32-unknown-elf/15.2.0/rv32imac_zicsr_zifencei_zaamo_zalrsc_zba_zbb_zbkb_zbs/ilp32/libgcc.a(_umoddi3.o)
                              CMakeFiles/pico2_hardened.dir/home/martina/pico~/pico-sdk/src/rp2_common/pico_divider/divider_compiler.c.o (__umoddi3)
/home/martina/pico-tools/riscv-toolchain/bin/../lib/gcc/riscv32-unknown-elf/15.2.0/rv32imac_zicsr_zifencei_zaamo_zalrsc_zba_zbb_zbkb_zbs/ilp32/libgcc.a(adddf3.o)
                              CMakeFiles/pico2_hardened.dir/home/martina/pico~/pico-sdk/src/rp2_common/pico_printf/printf.c.o (__adddf3)
/home/martina/pico-tools/riscv-toolchain/bin/../lib/gcc/riscv32-unknown-elf/15.2.0/rv32imac_zicsr_zifencei_zaamo_zalrsc_zba_zbb_zbkb_zbs/ilp32/libgcc.a(divdf3.o)
                              CMakeFiles/pico2_hardened.dir/home/martina/pico~/pico-sdk/src/rp2_common/pico_printf/printf.c.o (__divdf3)
/home/martina/pico-tools/riscv-toolchain/bin/../lib/gcc/riscv32-unknown-elf/15.2.0/rv32imac_zicsr_zifencei_zaamo_zalrsc_zba_zbb_zbkb_zbs/ilp32/libgcc.a(gedf2.o)
                              CMakeFiles/pico2_hardened.dir/home/martina/pico~/pico-sdk/src/rp2_common/pico_printf/printf.c.o (__gedf2)
/home/martina/pico-tools/riscv-toolchain/bin/../lib/gcc/riscv32-unknown-elf/15.2.0/rv32imac_zicsr_zifencei_zaamo_zalrsc_zba_zbb_zbkb_zbs/ilp32/libgcc.a(ledf2.o)
                              CMakeFiles/pico2_hardened.dir/home/martina/pico~/pico-sdk/src/rp2_common/pico_printf/printf.c.o (__ltdf2)
/home/martina/pico-tools/riscv-toolchain/bin/../lib/gcc/riscv32-unknown-elf/15.2.0/rv32imac_zicsr_zifencei_zaamo_zalrsc_zba_zbb_zbkb_zbs/ilp32/libgcc.a(muldf3.o)
                              CMakeFiles/pico2_hardened.dir/home/martina/pico~/pico-sdk/src/rp2_common/pico_printf/printf.c.o (__muldf3)
/home/martina/pico-tools/riscv-toolchain/bin/../lib/gcc/riscv32-unknown-elf/15.2.0/rv32imac_zicsr_zifencei_zaamo_zalrsc_zba_zbb_zbkb_zbs/ilp32/libgcc.a(subdf3.o)
                              CMakeFiles/pico2_hardened.dir/home/martina/pico~/pico-sdk/src/rp2_common/pico_printf/printf.c.o (__subdf3)
/home/martina/pico-tools/riscv-toolchain/bin/../lib/gcc/riscv32-unknown-elf/15.2.0/rv32imac_zicsr_zifencei_zaamo_zalrsc_zba_zbb_zbkb_zbs/ilp32/libgcc.a(unorddf2.o)
                              CMakeFiles/pico2_hardened.dir/home/martina/pico~/pico-sdk/src/rp2_common/pico_printf/printf.c.o (__unorddf2)
/home/martina/pico-tools/riscv-toolchain/bin/../lib/gcc/riscv32-unknown-elf/15.2.0/rv32imac_zicsr_zifencei_zaamo_zalrsc_zba_zbb_zbkb_zbs/ilp32/libgcc.a(fixdfsi.o)
                              CMakeFiles/pico2_hardened.dir/home/martina/pico~/pico-sdk/src/rp2_common/pico_printf/printf.c.o (__fixdfsi)
/home/martina/pico-tools/riscv-toolchain/bin/../lib/gcc/riscv32-unknown-elf/15.2.0/rv32imac_zicsr_zifencei_zaamo_zalrsc_zba_zbb_zbkb_zbs/ilp32/libgcc.a(fixunsdfsi.o)
                              CMakeFiles/pico2_hardened.dir/home/martina/pico~/pico-sdk/src/rp2_common/pico_printf/printf.c.o (__fixunsdfsi)
/home/martina/pico-tools/riscv-toolchain/bin/../lib/gcc/riscv32-unknown-elf/15.2.0/rv32imac_zicsr_zifencei_zaamo_zalrsc_zba_zbb_zbkb_zbs/ilp32/libgcc.a(floatsidf.o)
                              CMakeFiles/pico2_hardened.dir/home/martina/pico~/pico-sdk/src/rp2_common/pico_printf/printf.c.o (__floatsidf)
/home/martina/pico-tools/riscv-toolchain/bin/../lib/gcc/riscv32-unknown-elf/15.2.0/rv32imac_zicsr_zifencei_zaamo_zalrsc_zba_zbb_zbkb_zbs/ilp32/libgcc.a(floatunsidf.o)
                              CMakeFiles/pico2_hardened.dir/home/martina/pico~/pico-sdk/src/rp2_common/pico_printf/printf.c.o (__floatunsidf)
/home/martina/pico-tools/riscv-toolchain/bin/../lib/gcc/riscv32-unknown-elf/15.2.0/rv32imac_zicsr_zifencei_zaamo_zalrsc_zba_zbb_zbkb_zbs/ilp32/libgcc.a(_clz.o)
                              /home/martina/pico-tools/riscv-toolchain/bin/../lib/gcc/riscv32-unknown-elf/15.2.0/rv32imac_zicsr_zifencei_zaamo_zalrsc_zba_zbb_zbkb_zbs/ilp32/libgcc.a(_divdi3.o) (__clz_tab)
[...]
Memory Configuration

Name             Origin             Length             Attributes
FLASH            0x10000000         0x00400000         xr
PSRAM            0x11000000         0x00000000         xrw
XIP_RAM          0x13ffc000         0x00004000         xrw
RAM              0x20000000         0x00080000         xrw
SCRATCH_X        0x20080000         0x00001000         xrw
SCRATCH_Y        0x20081000         0x00001000         xrw
*default*        0x00000000         0xffffffff

Linker script and memory map

                0x20000000                        RAM_ORIGIN_DEFAULT = 0x20000000
                0x00080000                        RAM_LENGTH_DEFAULT = 0x80000
                0x20080000                        SCRATCH_X_ORIGIN_DEFAULT = 0x20080000
                0x00001000                        SCRATCH_X_LENGTH_DEFAULT = 0x1000
                0x20081000                        SCRATCH_Y_ORIGIN_DEFAULT = 0x20081000
                0x00001000                        SCRATCH_Y_LENGTH_DEFAULT = 0x1000
                0x13ffc000                        XIP_RAM_ORIGIN_DEFAULT = 0x13ffc000
                0x00004000                        XIP_RAM_LENGTH_DEFAULT = 0x4000
LOAD CMakeFiles/pico2_hardened.dir/home/martina/pico~/pico-sdk/src/rp2_common/pico_stdlib/stdlib.c.o
LOAD CMakeFiles/pico2_hardened.dir/home/martina/pico~/pico-sdk/src/rp2_common/hardware_gpio/gpio.c.o
LOAD CMakeFiles/pico2_hardened.dir/home/martina/pico~/pico-sdk/src/rp2350/pico_platform/platform.c.o
LOAD CMakeFiles/pico2_hardened.dir/home/martina/pico~/pico-sdk/src/rp2_common/pico_platform_common/common.c.o
LOAD CMakeFiles/pico2_hardened.dir/home/martina/pico~/pico-sdk/src/rp2_common/pico_platform_panic/panic.c.o
LOAD CMakeFiles/pico2_hardened.dir/home/martina/pico~/pico-sdk/src/rp2_common/pico_platform_panic/custom_panic_function.S.o
LOAD CMakeFiles/pico2_hardened.dir/home/martina/pico~/pico-sdk/src/common/hardware_claim/claim.c.o
LOAD CMakeFiles/pico2_hardened.dir/home/martina/pico~/pico-sdk/src/rp2_common/hardware_sync/sync.c.o
LOAD CMakeFiles/pico2_hardened.dir/home/martina/pico~/pico-sdk/src/rp2_common/hardware_sync_spin_lock/sync_spin_lock.c.o
LOAD CMakeFiles/pico2_hardened.dir/home/martina/pico~/pico-sdk/src/rp2_common/hardware_irq/irq.c.o
LOAD CMakeFiles/pico2_hardened.dir/home/martina/pico~/pico-sdk/src/rp2_common/hardware_irq/irq_handler_chain.S.o
LOAD CMakeFiles/pico2_hardened.dir/home/martina/pico~/pico-sdk/src/common/pico_sync/sem.c.o
LOAD CMakeFiles/pico2_hardened.dir/home/martina/pico~/pico-sdk/src/common/pico_sync/lock_core.c.o
LOAD CMakeFiles/pico2_hardened.dir/home/martina/pico~/pico-sdk/src/common/pico_sync/mutex.c.o
LOAD CMakeFiles/pico2_hardened.dir/home/martina/pico~/pico-sdk/src/common/pico_sync/critical_section.c.o
LOAD CMakeFiles/pico2_hardened.dir/home/martina/pico~/pico-sdk/src/common/pico_time/time.c.o
LOAD CMakeFiles/pico2_hardened.dir/home/martina/pico~/pico-sdk/src/common/pico_time/timeout_helper.c.o
LOAD CMakeFiles/pico2_hardened.dir/home/martina/pico~/pico-sdk/src/rp2_common/hardware_timer/timer.c.o
LOAD CMakeFiles/pico2_hardened.dir/home/martina/pico~/pico-sdk/src/common/pico_util/datetime.c.o
LOAD CMakeFiles/pico2_hardened.dir/home/martina/pico~/pico-sdk/src/common/pico_util/fixed_bitset.c.o
LOAD CMakeFiles/pico2_hardened.dir/home/martina/pico~/pico-sdk/src/common/pico_util/pheap.c.o
LOAD CMakeFiles/pico2_hardened.dir/home/martina/pico~/pico-sdk/src/common/pico_util/queue.c.o
LOAD CMakeFiles/pico2_hardened.dir/home/martina/pico~/pico-sdk/src/rp2_common/hardware_uart/uart.c.o
LOAD CMakeFiles/pico2_hardened.dir/home/martina/pico~/pico-sdk/src/rp2_common/hardware_clocks/clocks.c.o
LOAD CMakeFiles/pico2_hardened.dir/home/martina/pico~/pico-sdk/src/rp2_common/hardware_pll/pll.c.o
LOAD CMakeFiles/pico2_hardened.dir/home/martina/pico~/pico-sdk/src/rp2_common/hardware_vreg/vreg.c.o
LOAD CMakeFiles/pico2_hardened.dir/home/martina/pico~/pico-sdk/src/rp2_common/hardware_watchdog/watchdog.c.o
LOAD CMakeFiles/pico2_hardened.dir/home/martina/pico~/pico-sdk/src/rp2_common/hardware_ticks/ticks.c.o
LOAD CMakeFiles/pico2_hardened.dir/home/martina/pico~/pico-sdk/src/rp2_common/pico_bootrom/bootrom.c.o
LOAD CMakeFiles/pico2_hardened.dir/home/martina/pico~/pico-sdk/src/rp2_common/pico_bootrom/bootrom_lock.c.o
LOAD CMakeFiles/pico2_hardened.dir/home/martina/pico~/pico-sdk/src/rp2_common/hardware_boot_lock/boot_lock.c.o
LOAD CMakeFiles/pico2_hardened.dir/home/martina/pico~/pico-sdk/src/rp2_common/pico_flash/flash.c.o
LOAD CMakeFiles/pico2_hardened.dir/home/martina/pico~/pico-sdk/src/rp2_common/hardware_xosc/xosc.c.o
LOAD CMakeFiles/pico2_hardened.dir/home/martina/pico~/pico-sdk/src/rp2_common/hardware_divider/divider.c.o
LOAD CMakeFiles/pico2_hardened.dir/home/martina/pico~/pico-sdk/src/rp2_common/pico_runtime/runtime.c.o
LOAD CMakeFiles/pico2_hardened.dir/home/martina/pico~/pico-sdk/src/rp2_common/pico_runtime_init/runtime_init.c.o
LOAD CMakeFiles/pico2_hardened.dir/home/martina/pico~/pico-sdk/src/rp2_common/pico_runtime_init/runtime_init_clocks.c.o
LOAD CMakeFiles/pico2_hardened.dir/home/martina/pico~/pico-sdk/src/rp2_common/pico_runtime_init/runtime_init_stack_guard.c.o
LOAD CMakeFiles/pico2_hardened.dir/home/martina/pico~/pico-sdk/src/rp2_common/pico_bit_ops/bit_ops_aeabi.S.o
LOAD CMakeFiles/pico2_hardened.dir/home/martina/pico~/pico-sdk/src/rp2_common/pico_divider/divider_compiler.c.o
LOAD CMakeFiles/pico2_hardened.dir/home/martina/pico~/pico-sdk/src/rp2_common/pico_float/float_single_hazard3.S.o
LOAD CMakeFiles/pico2_hardened.dir/home/martina/pico~/pico-sdk/src/rp2_common/pico_malloc/malloc.c.o
LOAD CMakeFiles/pico2_hardened.dir/home/martina/pico~/pico-sdk/src/rp2_common/pico_atomic/atomic.c.o
LOAD CMakeFiles/pico2_hardened.dir/home/martina/pico~/pico-sdk/src/rp2_common/pico_cxx_options/new_delete.cpp.o
LOAD CMakeFiles/pico2_hardened.dir/home/martina/pico~/pico-sdk/src/rp2_common/pico_standard_binary_info/standard_binary_info.c.o
LOAD CMakeFiles/pico2_hardened.dir/home/martina/pico~/pico-sdk/src/rp2_common/pico_printf/printf.c.o
LOAD CMakeFiles/pico2_hardened.dir/home/martina/pico~/pico-sdk/src/rp2_common/pico_crt0/crt0_riscv.S.o
LOAD CMakeFiles/pico2_hardened.dir/home/martina/pico~/pico-sdk/src/rp2_common/pico_clib_interface/newlib_interface.c.o
LOAD CMakeFiles/pico2_hardened.dir/home/martina/pico~/pico-sdk/src/rp2_common/pico_clib_interface/cxa_guard.c.o
LOAD CMakeFiles/pico2_hardened.dir/home/martina/pico~/pico-sdk/src/rp2_common/pico_stdio/stdio.c.o
LOAD CMakeFiles/pico2_hardened.dir/home/martina/pico~/pico-sdk/src/rp2_common/pico_stdio_uart/stdio_uart.c.o
LOAD CMakeFiles/pico2_hardened.dir/home/martina/pico~/pico-sdk/src/rp2_common/pico_stdio_usb/stdio_usb.c.o
LOAD CMakeFiles/pico2_hardened.dir/home/martina/pico~/pico-sdk/src/rp2_common/pico_stdio_usb/stdio_usb_descriptors.c.o
LOAD CMakeFiles/pico2_hardened.dir/home/martina/pico~/pico-sdk/src/rp2_common/pico_unique_id/unique_id.c.o
LOAD CMakeFiles/pico2_hardened.dir/home/martina/pico~/pico-sdk/src/rp2_common/hardware_flash/flash.c.o
LOAD CMakeFiles/pico2_hardened.dir/home/martina/pico~/pico-sdk/src/rp2_common/hardware_xip_cache/xip_cache.c.o
LOAD CMakeFiles/pico2_hardened.dir/home/martina/pico~/pico-sdk/src/rp2_common/pico_usb_reset/usb_reset.c.o
LOAD CMakeFiles/pico2_hardened.dir/home/martina/pico~/pico-sdk/lib/tinyusb/src/portable/raspberrypi/rp2040/dcd_rp2040.c.o
LOAD CMakeFiles/pico2_hardened.dir/home/martina/pico~/pico-sdk/lib/tinyusb/src/portable/raspberrypi/rp2040/rp2040_usb.c.o
LOAD CMakeFiles/pico2_hardened.dir/home/martina/pico~/pico-sdk/lib/tinyusb/src/device/usbd.c.o
LOAD CMakeFiles/pico2_hardened.dir/home/martina/pico~/pico-sdk/lib/tinyusb/src/device/usbd_control.c.o
LOAD CMakeFiles/pico2_hardened.dir/home/martina/pico~/pico-sdk/lib/tinyusb/src/class/audio/audio_device.c.o
LOAD CMakeFiles/pico2_hardened.dir/home/martina/pico~/pico-sdk/lib/tinyusb/src/class/cdc/cdc_device.c.o
LOAD CMakeFiles/pico2_hardened.dir/home/martina/pico~/pico-sdk/lib/tinyusb/src/class/dfu/dfu_device.c.o
LOAD CMakeFiles/pico2_hardened.dir/home/martina/pico~/pico-sdk/lib/tinyusb/src/class/dfu/dfu_rt_device.c.o
LOAD CMakeFiles/pico2_hardened.dir/home/martina/pico~/pico-sdk/lib/tinyusb/src/class/hid/hid_device.c.o
LOAD CMakeFiles/pico2_hardened.dir/home/martina/pico~/pico-sdk/lib/tinyusb/src/class/midi/midi_device.c.o
LOAD CMakeFiles/pico2_hardened.dir/home/martina/pico~/pico-sdk/lib/tinyusb/src/class/msc/msc_device.c.o
LOAD CMakeFiles/pico2_hardened.dir/home/martina/pico~/pico-sdk/lib/tinyusb/src/class/net/ecm_rndis_device.c.o
LOAD CMakeFiles/pico2_hardened.dir/home/martina/pico~/pico-sdk/lib/tinyusb/src/class/net/ncm_device.c.o
LOAD CMakeFiles/pico2_hardened.dir/home/martina/pico~/pico-sdk/lib/tinyusb/src/class/usbtmc/usbtmc_device.c.o
LOAD CMakeFiles/pico2_hardened.dir/home/martina/pico~/pico-sdk/lib/tinyusb/src/class/vendor/vendor_device.c.o
LOAD CMakeFiles/pico2_hardened.dir/home/martina/pico~/pico-sdk/lib/tinyusb/src/class/video/video_device.c.o
LOAD CMakeFiles/pico2_hardened.dir/home/martina/pico~/pico-sdk/lib/tinyusb/src/tusb.c.o
LOAD CMakeFiles/pico2_hardened.dir/home/martina/pico~/pico-sdk/lib/tinyusb/src/common/tusb_fifo.c.o
LOAD CMakeFiles/pico2_hardened.dir/home/martina/pico~/pico-sdk/src/rp2_common/pico_fix/rp2040_usb_device_enumeration/rp2040_usb_device_enumeration.c.o
LOAD CMakeFiles/pico2_hardened.dir/home/martina/pico~/pico-sdk/src/rp2_common/pico_thread_local/thread_local.c.o
LOAD hardened.o
LOAD pico-sdk/src/rp2350/boot_stage2/CMakeFiles/bs2_default_library.dir/bs2_default_padded.S.o
LOAD /home/martina/pico-tools/riscv-toolchain/bin/../lib/gcc/riscv32-unknown-elf/15.2.0/../../../../riscv32-unknown-elf/lib/rv32imac_zicsr_zifencei_zaamo_zalrsc_zba_zbb_zbkb_zbs/ilp32/libm.a
LOAD /home/martina/pico-tools/riscv-toolchain/bin/../lib/gcc/riscv32-unknown-elf/15.2.0/rv32imac_zicsr_zifencei_zaamo_zalrsc_zba_zbb_zbkb_zbs/ilp32/libgcc.a
START GROUP
LOAD /home/martina/pico-tools/riscv-toolchain/bin/../lib/gcc/riscv32-unknown-elf/15.2.0/../../../../riscv32-unknown-elf/lib/rv32imac_zicsr_zifencei_zaamo_zalrsc_zba_zbb_zbkb_zbs/ilp32/libc.a
LOAD /home/martina/pico-tools/riscv-toolchain/bin/../lib/gcc/riscv32-unknown-elf/15.2.0/../../../../riscv32-unknown-elf/lib/rv32imac_zicsr_zifencei_zaamo_zalrsc_zba_zbb_zbkb_zbs/ilp32/libgloss.a
END GROUP
LOAD /home/martina/pico-tools/riscv-toolchain/bin/../lib/gcc/riscv32-unknown-elf/15.2.0/rv32imac_zicsr_zifencei_zaamo_zalrsc_zba_zbb_zbkb_zbs/ilp32/libgcc.a
                0x20000000                        PROVIDE (RAM_ORIGIN = RAM_ORIGIN_DEFAULT)
                0x00080000                        PROVIDE (RAM_LENGTH = RAM_LENGTH_DEFAULT)
                0x20080000                        PROVIDE (SCRATCH_X_ORIGIN = SCRATCH_X_ORIGIN_DEFAULT)
                0x00001000                        PROVIDE (SCRATCH_X_LENGTH = SCRATCH_X_LENGTH_DEFAULT)
                0x20081000                        PROVIDE (SCRATCH_Y_ORIGIN = SCRATCH_Y_ORIGIN_DEFAULT)
                0x00001000                        PROVIDE (SCRATCH_Y_LENGTH = SCRATCH_Y_LENGTH_DEFAULT)
                0x13ffc000                        PROVIDE (XIP_RAM_ORIGIN = XIP_RAM_ORIGIN_DEFAULT)
                0x00004000                        PROVIDE (XIP_RAM_LENGTH = XIP_RAM_LENGTH_DEFAULT)
                0x20000000                        RAM_ORIGIN = DEFINED (RAM_ORIGIN)?RAM_ORIGIN:RAM_ORIGIN_DEFAULT
                0x00080000                        RAM_LENGTH = DEFINED (RAM_LENGTH)?RAM_LENGTH:RAM_LENGTH_DEFAULT
                0x20080000                        SCRATCH_X_ORIGIN = DEFINED (SCRATCH_X_ORIGIN)?SCRATCH_X_ORIGIN:SCRATCH_X_ORIGIN_DEFAULT
                0x00001000                        SCRATCH_X_LENGTH = DEFINED (SCRATCH_X_LENGTH)?SCRATCH_X_LENGTH:SCRATCH_X_LENGTH_DEFAULT
                0x20081000                        SCRATCH_Y_ORIGIN = DEFINED (SCRATCH_Y_ORIGIN)?SCRATCH_Y_ORIGIN:SCRATCH_Y_ORIGIN_DEFAULT
                0x00001000                        SCRATCH_Y_LENGTH = DEFINED (SCRATCH_Y_LENGTH)?SCRATCH_Y_LENGTH:SCRATCH_Y_LENGTH_DEFAULT
                0x13ffc000                        XIP_RAM_ORIGIN = DEFINED (XIP_RAM_ORIGIN)?XIP_RAM_ORIGIN:XIP_RAM_ORIGIN_DEFAULT
                0x00004000                        XIP_RAM_LENGTH = DEFINED (XIP_RAM_LENGTH)?XIP_RAM_LENGTH:XIP_RAM_LENGTH_DEFAULT

.flash_begin    0x10000000        0x0
                0x10000000                        __flash_binary_start = .

.text           0x10000000     0x7834
                0x10000000                        __logical_binary_start = .
 *(.vectors)
 *(.binary_info_header)
 .binary_info_header
                0x10000000       0x14 CMakeFiles/pico2_hardened.dir/home/martina/pico~/pico-sdk/src/rp2_common/pico_crt0/crt0_riscv.S.o
                0x10000014                        __binary_info_header_end = .
 *(.embedded_block)
 .embedded_block
                0x10000014       0x20 CMakeFiles/pico2_hardened.dir/home/martina/pico~/pico-sdk/src/rp2_common/pico_crt0/crt0_riscv.S.o
                0x10000034                        __embedded_block_end = .
 *(.reset)
 .reset         0x10000034       0xa6 CMakeFiles/pico2_hardened.dir/home/martina/pico~/pico-sdk/src/rp2_common/pico_crt0/crt0_riscv.S.o
                0x10000034                _entry_point
 *(.init)
 *libgcc.a:cmse_nonsecure_call.o()
 *(EXCLUDE_FILE(*libm.a: *lib*_a-mem*.o *libc.a: *libgcc.a:) .text*)
 .text.gpio_set_function
                0x100000da       0x30 CMakeFiles/pico2_hardened.dir/home/martina/pico~/pico-sdk/src/rp2_common/hardware_gpio/gpio.c.o
                0x100000da                gpio_set_function
 .text.panic    0x1000010a       0x40 CMakeFiles/pico2_hardened.dir/home/martina/pico~/pico-sdk/src/rp2_common/pico_platform_panic/panic.c.o
                0x1000010a                panic
 .text.hw_claim_or_assert
                0x1000014a       0x66 CMakeFiles/pico2_hardened.dir/home/martina/pico~/pico-sdk/src/common/hardware_claim/claim.c.o
                0x1000014a                hw_claim_or_assert
 .text.hw_claim_unused_from_range
                0x100001b0       0x84 CMakeFiles/pico2_hardened.dir/home/martina/pico~/pico-sdk/src/common/hardware_claim/claim.c.o
                0x100001b0                hw_claim_unused_from_range
 .text.next_striped_spin_lock_num
                0x10000234       0x1e CMakeFiles/pico2_hardened.dir/home/martina/pico~/pico-sdk/src/rp2_common/hardware_sync/sync.c.o
                0x10000234                next_striped_spin_lock_num
 .text.spin_lock_claim_unused
                0x10000252       0x18 CMakeFiles/pico2_hardened.dir/home/martina/pico~/pico-sdk/src/rp2_common/hardware_sync/sync.c.o
                0x10000252                spin_lock_claim_unused
 .text.spin_locks_reset
                0x1000026a       0x22 CMakeFiles/pico2_hardened.dir/home/martina/pico~/pico-sdk/src/rp2_common/hardware_sync_spin_lock/sync_spin_lock.c.o
                0x1000026a                spin_locks_reset
 .text.runtime_init_per_core_irq_priorities
                0x1000028c       0x38 CMakeFiles/pico2_hardened.dir/home/martina/pico~/pico-sdk/src/rp2_common/hardware_irq/irq.c.o
                0x1000028c                runtime_init_per_core_irq_priorities
 .text.irq_set_enabled
                0x100002c4       0x36 CMakeFiles/pico2_hardened.dir/home/martina/pico~/pico-sdk/src/rp2_common/hardware_irq/irq.c.o
                0x100002c4                irq_set_enabled
 .text.irq_is_enabled
                0x100002fa       0x12 CMakeFiles/pico2_hardened.dir/home/martina/pico~/pico-sdk/src/rp2_common/hardware_irq/irq.c.o
                0x100002fa                irq_is_enabled
 .text.irq_set_pending
                0x1000030c       0x14 CMakeFiles/pico2_hardened.dir/home/martina/pico~/pico-sdk/src/rp2_common/hardware_irq/irq.c.o
                0x1000030c                irq_set_pending
 .text.irq_has_shared_handler
                0x10000320       0x1e CMakeFiles/pico2_hardened.dir/home/martina/pico~/pico-sdk/src/rp2_common/hardware_irq/irq.c.o
                0x10000320                irq_has_shared_handler
 .text.irq_set_exclusive_handler
                0x1000033e       0x72 CMakeFiles/pico2_hardened.dir/home/martina/pico~/pico-sdk/src/rp2_common/hardware_irq/irq.c.o
                0x1000033e                irq_set_exclusive_handler
 .text.irq_add_shared_handler
                0x100003b0      0x3b4 CMakeFiles/pico2_hardened.dir/home/martina/pico~/pico-sdk/src/rp2_common/hardware_irq/irq.c.o
                0x100003b0                irq_add_shared_handler
 .text.irq_remove_handler
                0x10000764      0x324 CMakeFiles/pico2_hardened.dir/home/martina/pico~/pico-sdk/src/rp2_common/hardware_irq/irq.c.o
                0x10000764                irq_remove_handler
 .text.irq_add_tail_to_free_list
                0x10000a88      0x106 CMakeFiles/pico2_hardened.dir/home/martina/pico~/pico-sdk/src/rp2_common/hardware_irq/irq.c.o
                0x10000a88                irq_add_tail_to_free_list
 .text.user_irq_claim_unused
                0x10000b8e       0x30 CMakeFiles/pico2_hardened.dir/home/martina/pico~/pico-sdk/src/rp2_common/hardware_irq/irq.c.o
                0x10000b8e                user_irq_claim_unused
 .text.lock_init
                0x10000bbe        0xe CMakeFiles/pico2_hardened.dir/home/martina/pico~/pico-sdk/src/common/pico_sync/lock_core.c.o
                0x10000bbe                lock_init
 .text.runtime_init_mutex
                0x10000bcc       0x6a CMakeFiles/pico2_hardened.dir/home/martina/pico~/pico-sdk/src/common/pico_sync/mutex.c.o
                0x10000bcc                runtime_init_mutex
 .text.mutex_init
                0x10000c36       0x24 CMakeFiles/pico2_hardened.dir/home/martina/pico~/pico-sdk/src/common/pico_sync/mutex.c.o
                0x10000c36                mutex_init
 .text.critical_section_init
                0x10000c5a       0x26 CMakeFiles/pico2_hardened.dir/home/martina/pico~/pico-sdk/src/common/pico_sync/critical_section.c.o
                0x10000c5a                critical_section_init
 .text.critical_section_init_with_lock_num
                0x10000c80       0x12 CMakeFiles/pico2_hardened.dir/home/martina/pico~/pico-sdk/src/common/pico_sync/critical_section.c.o
                0x10000c80                critical_section_init_with_lock_num
 .text.sleep_until_callback
                0x10000c92       0x4a CMakeFiles/pico2_hardened.dir/home/martina/pico~/pico-sdk/src/common/pico_time/time.c.o
 .text.alarm_pool_irq_handler
                0x10000cdc      0x398 CMakeFiles/pico2_hardened.dir/home/martina/pico~/pico-sdk/src/common/pico_time/time.c.o
 .text.runtime_init_default_alarm_pool
                0x10001074      0x10c CMakeFiles/pico2_hardened.dir/home/martina/pico~/pico-sdk/src/common/pico_time/time.c.o
                0x10001074                runtime_init_default_alarm_pool
 .text.alarm_pool_get_default
                0x10001180        0xa CMakeFiles/pico2_hardened.dir/home/martina/pico~/pico-sdk/src/common/pico_time/time.c.o
                0x10001180                alarm_pool_get_default
 .text.alarm_pool_add_alarm_at
                0x1000118a      0x116 CMakeFiles/pico2_hardened.dir/home/martina/pico~/pico-sdk/src/common/pico_time/time.c.o
                0x1000118a                alarm_pool_add_alarm_at
 .text.alarm_pool_add_alarm_at_force_in_context
                0x100012a0       0xdc CMakeFiles/pico2_hardened.dir/home/martina/pico~/pico-sdk/src/common/pico_time/time.c.o
                0x100012a0                alarm_pool_add_alarm_at_force_in_context
 .text.alarm_pool_cancel_alarm
                0x1000137c       0x90 CMakeFiles/pico2_hardened.dir/home/martina/pico~/pico-sdk/src/common/pico_time/time.c.o
                0x1000137c                alarm_pool_cancel_alarm
 .text.alarm_pool_core_num
                0x1000140c        0x6 CMakeFiles/pico2_hardened.dir/home/martina/pico~/pico-sdk/src/common/pico_time/time.c.o
                0x1000140c                alarm_pool_core_num
 .text.best_effort_wfe_or_timeout
                0x10001412      0x184 CMakeFiles/pico2_hardened.dir/home/martina/pico~/pico-sdk/src/common/pico_time/time.c.o
                0x10001412                best_effort_wfe_or_timeout
 .text.timer_hardware_alarm_claim
                0x10001596       0x1c CMakeFiles/pico2_hardened.dir/home/martina/pico~/pico-sdk/src/rp2_common/hardware_timer/timer.c.o
                0x10001596                timer_hardware_alarm_claim
 .text.timer_time_us_64
                0x100015b2       0x10 CMakeFiles/pico2_hardened.dir/home/martina/pico~/pico-sdk/src/rp2_common/hardware_timer/timer.c.o
                0x100015b2                timer_time_us_64
 .text.time_us_64
                0x100015c2       0x12 CMakeFiles/pico2_hardened.dir/home/martina/pico~/pico-sdk/src/rp2_common/hardware_timer/timer.c.o
                0x100015c2                time_us_64
 .text.busy_wait_us
                0x100015d4       0x66 CMakeFiles/pico2_hardened.dir/home/martina/pico~/pico-sdk/src/rp2_common/hardware_timer/timer.c.o
                0x100015d4                busy_wait_us
 .text.uart_init
                0x1000163a      0x12e CMakeFiles/pico2_hardened.dir/home/martina/pico~/pico-sdk/src/rp2_common/hardware_uart/uart.c.o
                0x1000163a                uart_init
 *fill*         0x10001768        0x0 
 .text.clock_configure_undivided
                0x10001768       0xdc CMakeFiles/pico2_hardened.dir/home/martina/pico~/pico-sdk/src/rp2_common/hardware_clocks/clocks.c.o
                0x10001768                clock_configure_undivided
 .text.clock_get_hz
                0x10001844       0x10 CMakeFiles/pico2_hardened.dir/home/martina/pico~/pico-sdk/src/rp2_common/hardware_clocks/clocks.c.o
                0x10001844                clock_get_hz
 .text.pll_init
                0x10001854       0x8a CMakeFiles/pico2_hardened.dir/home/martina/pico~/pico-sdk/src/rp2_common/hardware_pll/pll.c.o
                0x10001854                pll_init
 .text.watchdog_reboot
                0x100018de       0x92 CMakeFiles/pico2_hardened.dir/home/martina/pico~/pico-sdk/src/rp2_common/hardware_watchdog/watchdog.c.o
                0x100018de                watchdog_reboot
 .text.tick_start
                0x10001970       0x14 CMakeFiles/pico2_hardened.dir/home/martina/pico~/pico-sdk/src/rp2_common/hardware_ticks/ticks.c.o
                0x10001970                tick_start
 .text.rom_func_lookup
                0x10001984        0xe CMakeFiles/pico2_hardened.dir/home/martina/pico~/pico-sdk/src/rp2_common/pico_bootrom/bootrom.c.o
                0x10001984                rom_func_lookup
 .text.rom_reset_usb_boot_extra
                0x10001992       0x3e CMakeFiles/pico2_hardened.dir/home/martina/pico~/pico-sdk/src/rp2_common/pico_bootrom/bootrom.c.o
                0x10001992                rom_reset_usb_boot_extra
 .text.runtime_init_bootrom_locking_enable
                0x100019d0       0x12 CMakeFiles/pico2_hardened.dir/home/martina/pico~/pico-sdk/src/rp2_common/pico_bootrom/bootrom_lock.c.o
                0x100019d0                runtime_init_bootrom_locking_enable
 .text.runtime_init_boot_locks_reset
                0x100019e2       0x20 CMakeFiles/pico2_hardened.dir/home/martina/pico~/pico-sdk/src/rp2_common/hardware_boot_lock/boot_lock.c.o
                0x100019e2                runtime_init_boot_locks_reset
 .text.xosc_init
                0x10001a02       0x24 CMakeFiles/pico2_hardened.dir/home/martina/pico~/pico-sdk/src/rp2_common/hardware_xosc/xosc.c.o
                0x10001a02                xosc_init
 .text.first_per_core_initializer
                0x10001a26        0x2 CMakeFiles/pico2_hardened.dir/home/martina/pico~/pico-sdk/src/rp2_common/pico_runtime/runtime.c.o
 .text.hard_assertion_failure
                0x10001a28       0x10 CMakeFiles/pico2_hardened.dir/home/martina/pico~/pico-sdk/src/rp2_common/pico_runtime/runtime.c.o
                0x10001a28                hard_assertion_failure
 .text.runtime_run_initializers
                0x10001a38       0x30 CMakeFiles/pico2_hardened.dir/home/martina/pico~/pico-sdk/src/rp2_common/pico_runtime/runtime.c.o
                0x10001a38                runtime_run_initializers
 .text.runtime_init_early_resets
                0x10001a68       0x2a CMakeFiles/pico2_hardened.dir/home/martina/pico~/pico-sdk/src/rp2_common/pico_runtime_init/runtime_init.c.o
                0x10001a68                runtime_init_early_resets
 .text.runtime_init_usb_power_down
                0x10001a92       0x1a CMakeFiles/pico2_hardened.dir/home/martina/pico~/pico-sdk/src/rp2_common/pico_runtime_init/runtime_init.c.o
                0x10001a92                runtime_init_usb_power_down
 .text.runtime_init_post_clock_resets
                0x10001aac       0x1c CMakeFiles/pico2_hardened.dir/home/martina/pico~/pico-sdk/src/rp2_common/pico_runtime_init/runtime_init.c.o
                0x10001aac                runtime_init_post_clock_resets
 .text.runtime_init_bootrom_reset
                0x10001ac8       0x16 CMakeFiles/pico2_hardened.dir/home/martina/pico~/pico-sdk/src/rp2_common/pico_runtime_init/runtime_init.c.o
                0x10001ac8                runtime_init_bootrom_reset
 .text.runtime_init_per_core_bootrom_reset
                0x10001ade       0x16 CMakeFiles/pico2_hardened.dir/home/martina/pico~/pico-sdk/src/rp2_common/pico_runtime_init/runtime_init.c.o
                0x10001ade                runtime_init_per_core_bootrom_reset
 .text.runtime_init_spin_locks_reset
                0x10001af4        0x4 CMakeFiles/pico2_hardened.dir/home/martina/pico~/pico-sdk/src/rp2_common/pico_runtime_init/runtime_init.c.o
                0x10001af4                runtime_init_spin_locks_reset
 .text.runtime_init_clocks
                0x10001af8       0xec CMakeFiles/pico2_hardened.dir/home/martina/pico~/pico-sdk/src/rp2_common/pico_runtime_init/runtime_init_clocks.c.o
                0x10001af8                runtime_init_clocks
 .text._out_null
                0x10001be4        0x2 CMakeFiles/pico2_hardened.dir/home/martina/pico~/pico-sdk/src/rp2_common/pico_printf/printf.c.o
 .text._out_rev
                0x10001be6       0xc4 CMakeFiles/pico2_hardened.dir/home/martina/pico~/pico-sdk/src/rp2_common/pico_printf/printf.c.o
 .text._ntoa_format
                0x10001caa      0x20a CMakeFiles/pico2_hardened.dir/home/martina/pico~/pico-sdk/src/rp2_common/pico_printf/printf.c.o
 .text._out_char
                0x10001eb4        0x8 CMakeFiles/pico2_hardened.dir/home/martina/pico~/pico-sdk/src/rp2_common/pico_printf/printf.c.o
 .text._out_fct
                0x10001ebc        0xa CMakeFiles/pico2_hardened.dir/home/martina/pico~/pico-sdk/src/rp2_common/pico_printf/printf.c.o
 .text._ftoa    0x10001ec6      0x590 CMakeFiles/pico2_hardened.dir/home/martina/pico~/pico-sdk/src/rp2_common/pico_printf/printf.c.o
 .text._etoa    0x10002456      0x59c CMakeFiles/pico2_hardened.dir/home/martina/pico~/pico-sdk/src/rp2_common/pico_printf/printf.c.o
 .text._vsnprintf
                0x100029f2      0xa60 CMakeFiles/pico2_hardened.dir/home/martina/pico~/pico-sdk/src/rp2_common/pico_printf/printf.c.o
 .text.vfctprintf
                0x10003452       0x24 CMakeFiles/pico2_hardened.dir/home/martina/pico~/pico-sdk/src/rp2_common/pico_printf/printf.c.o
                0x10003452                vfctprintf
 .text.weak_raw_vprintf
                0x10003476       0x2e CMakeFiles/pico2_hardened.dir/home/martina/pico~/pico-sdk/src/rp2_common/pico_printf/printf.c.o
                0x10003476                weak_raw_vprintf
 .text          0x100034a4       0x20 CMakeFiles/pico2_hardened.dir/home/martina/pico~/pico-sdk/src/rp2_common/pico_crt0/crt0_riscv.S.o
                0x100034a4                runtime_init_per_core_h3_irq_registers
 .text._exit    0x100034c4        0x4 CMakeFiles/pico2_hardened.dir/home/martina/pico~/pico-sdk/src/rp2_common/pico_clib_interface/newlib_interface.c.o
                0x100034c4                _exit
 .text._fini    0x100034c8        0x2 CMakeFiles/pico2_hardened.dir/home/martina/pico~/pico-sdk/src/rp2_common/pico_clib_interface/newlib_interface.c.o
                0x100034c8                _fini
 .text.exit     0x100034ca        0x6 CMakeFiles/pico2_hardened.dir/home/martina/pico~/pico-sdk/src/rp2_common/pico_clib_interface/newlib_interface.c.o
                0x100034ca                exit
 .text.runtime_init
                0x100034d0       0x34 CMakeFiles/pico2_hardened.dir/home/martina/pico~/pico-sdk/src/rp2_common/pico_clib_interface/newlib_interface.c.o
                0x100034d0                runtime_init
 .text.stdio_out_chars_no_crlf
                0x10003504        0x8 CMakeFiles/pico2_hardened.dir/home/martina/pico~/pico-sdk/src/rp2_common/pico_stdio/stdio.c.o
 .text.stdio_out_chars_crlf
                0x1000350c       0xd4 CMakeFiles/pico2_hardened.dir/home/martina/pico~/pico-sdk/src/rp2_common/pico_stdio/stdio.c.o
 .text.stdio_buffered_printer
                0x100035e0       0x5e CMakeFiles/pico2_hardened.dir/home/martina/pico~/pico-sdk/src/rp2_common/pico_stdio/stdio.c.o
 .text.stdio_put_string
                0x1000363e      0x102 CMakeFiles/pico2_hardened.dir/home/martina/pico~/pico-sdk/src/rp2_common/pico_stdio/stdio.c.o
                0x1000363e                stdio_put_string
 .text.stdio_set_driver_enabled
                0x10003740       0x28 CMakeFiles/pico2_hardened.dir/home/martina/pico~/pico-sdk/src/rp2_common/pico_stdio/stdio.c.o
                0x10003740                stdio_set_driver_enabled
 .text.stdio_init_all
                0x10003768       0x10 CMakeFiles/pico2_hardened.dir/home/martina/pico~/pico-sdk/src/rp2_common/pico_stdio/stdio.c.o
                0x10003768                stdio_init_all
 .text.__wrap_putchar
                0x10003778       0xa4 CMakeFiles/pico2_hardened.dir/home/martina/pico~/pico-sdk/src/rp2_common/pico_stdio/stdio.c.o
                0x10003778                stdio_putchar
                0x10003778                __wrap_putchar
 .text.__wrap_puts
                0x1000381c       0x4a CMakeFiles/pico2_hardened.dir/home/martina/pico~/pico-sdk/src/rp2_common/pico_stdio/stdio.c.o
                0x1000381c                __wrap_puts
                0x1000381c                stdio_puts
 .text.__wrap_vprintf
                0x10003866       0xc8 CMakeFiles/pico2_hardened.dir/home/martina/pico~/pico-sdk/src/rp2_common/pico_stdio/stdio.c.o
                0x10003866                __wrap_vprintf
                0x10003866                stdio_vprintf
 .text.__wrap_printf
                0x1000392e       0x22 CMakeFiles/pico2_hardened.dir/home/martina/pico~/pico-sdk/src/rp2_common/pico_stdio/stdio.c.o
                0x1000392e                stdio_printf
                0x1000392e                __wrap_printf
 .text.stdio_uart_out_chars
                0x10003950       0x4a CMakeFiles/pico2_hardened.dir/home/martina/pico~/pico-sdk/src/rp2_common/pico_stdio_uart/stdio_uart.c.o
 .text.stdio_uart_in_chars
                0x1000399a       0x8c CMakeFiles/pico2_hardened.dir/home/martina/pico~/pico-sdk/src/rp2_common/pico_stdio_uart/stdio_uart.c.o
                0x1000399a                stdio_uart_in_chars
 .text.on_uart_rx
                0x10003a26       0x16 CMakeFiles/pico2_hardened.dir/home/martina/pico~/pico-sdk/src/rp2_common/pico_stdio_uart/stdio_uart.c.o
 .text.stdio_uart_out_flush
                0x10003a3c        0xc CMakeFiles/pico2_hardened.dir/home/martina/pico~/pico-sdk/src/rp2_common/pico_stdio_uart/stdio_uart.c.o
 .text.stdio_uart_set_chars_available_callback
                0x10003a48       0x92 CMakeFiles/pico2_hardened.dir/home/martina/pico~/pico-sdk/src/rp2_common/pico_stdio_uart/stdio_uart.c.o
 .text.stdio_uart_init
                0x10003ada       0x56 CMakeFiles/pico2_hardened.dir/home/martina/pico~/pico-sdk/src/rp2_common/pico_stdio_uart/stdio_uart.c.o
                0x10003ada                stdio_uart_init
 .text.stdio_usb_set_chars_available_callback
                0x10003b30        0xa CMakeFiles/pico2_hardened.dir/home/martina/pico~/pico-sdk/src/rp2_common/pico_stdio_usb/stdio_usb.c.o
                0x10003b30                stdio_usb_set_chars_available_callback
 .text.usb_irq  0x10003b3a        0x8 CMakeFiles/pico2_hardened.dir/home/martina/pico~/pico-sdk/src/rp2_common/pico_stdio_usb/stdio_usb.c.o
 .text.timer_task
                0x10003b42       0x84 CMakeFiles/pico2_hardened.dir/home/martina/pico~/pico-sdk/src/rp2_common/pico_stdio_usb/stdio_usb.c.o
 .text.stdio_usb_in_chars
                0x10003bc6       0x9c CMakeFiles/pico2_hardened.dir/home/martina/pico~/pico-sdk/src/rp2_common/pico_stdio_usb/stdio_usb.c.o
                0x10003bc6                stdio_usb_in_chars
 .text.stdio_usb_out_flush
                0x10003c62       0x62 CMakeFiles/pico2_hardened.dir/home/martina/pico~/pico-sdk/src/rp2_common/pico_stdio_usb/stdio_usb.c.o
 .text.stdio_usb_out_chars
                0x10003cc4      0x124 CMakeFiles/pico2_hardened.dir/home/martina/pico~/pico-sdk/src/rp2_common/pico_stdio_usb/stdio_usb.c.o
 .text.low_priority_worker_irq
                0x10003de8       0xdc CMakeFiles/pico2_hardened.dir/home/martina/pico~/pico-sdk/src/rp2_common/pico_stdio_usb/stdio_usb.c.o
 .text.stdio_usb_init
                0x10003ec4       0xee CMakeFiles/pico2_hardened.dir/home/martina/pico~/pico-sdk/src/rp2_common/pico_stdio_usb/stdio_usb.c.o
                0x10003ec4                stdio_usb_init
 .text.tud_descriptor_device_cb
                0x10003fb2        0xa CMakeFiles/pico2_hardened.dir/home/martina/pico~/pico-sdk/src/rp2_common/pico_stdio_usb/stdio_usb_descriptors.c.o
                0x10003fb2                tud_descriptor_device_cb
 .text.tud_descriptor_configuration_cb
                0x10003fbc        0xa CMakeFiles/pico2_hardened.dir/home/martina/pico~/pico-sdk/src/rp2_common/pico_stdio_usb/stdio_usb_descriptors.c.o
                0x10003fbc                tud_descriptor_configuration_cb
 .text.tud_descriptor_string_cb
                0x10003fc6       0x8e CMakeFiles/pico2_hardened.dir/home/martina/pico~/pico-sdk/src/rp2_common/pico_stdio_usb/stdio_usb_descriptors.c.o
                0x10003fc6                tud_descriptor_string_cb
 .text.startup._retrieve_unique_id_on_boot
                0x10004054       0x34 CMakeFiles/pico2_hardened.dir/home/martina/pico~/pico-sdk/src/rp2_common/pico_unique_id/unique_id.c.o
 .text.pico_get_unique_board_id_string
                0x10004088      0x20a CMakeFiles/pico2_hardened.dir/home/martina/pico~/pico-sdk/src/rp2_common/pico_unique_id/unique_id.c.o
                0x10004088                pico_get_unique_board_id_string
 .text.usb_reset_interface_init
                0x10004292        0x2 CMakeFiles/pico2_hardened.dir/home/martina/pico~/pico-sdk/src/rp2_common/pico_usb_reset/usb_reset.c.o
                0x10004292                usb_reset_interface_init
 .text.usb_reset_interface_reset
                0x10004294        0x6 CMakeFiles/pico2_hardened.dir/home/martina/pico~/pico-sdk/src/rp2_common/pico_usb_reset/usb_reset.c.o
                0x10004294                usb_reset_interface_reset
 .text.usb_reset_interface_open
                0x1000429a       0x32 CMakeFiles/pico2_hardened.dir/home/martina/pico~/pico-sdk/src/rp2_common/pico_usb_reset/usb_reset.c.o
                0x1000429a                usb_reset_interface_open
 .text.usb_reset_interface_xfer_cb
                0x100042cc        0x4 CMakeFiles/pico2_hardened.dir/home/martina/pico~/pico-sdk/src/rp2_common/pico_usb_reset/usb_reset.c.o
                0x100042cc                usb_reset_interface_xfer_cb
 .text.usb_reset_interface_control_xfer_cb
                0x100042d0       0x70 CMakeFiles/pico2_hardened.dir/home/martina/pico~/pico-sdk/src/rp2_common/pico_usb_reset/usb_reset.c.o
                0x100042d0                usb_reset_interface_control_xfer_cb
 .text.tud_descriptor_bos_cb
                0x10004340        0xa CMakeFiles/pico2_hardened.dir/home/martina/pico~/pico-sdk/src/rp2_common/pico_usb_reset/usb_reset.c.o
                0x10004340                tud_descriptor_bos_cb
 .text.tud_vendor_control_xfer_cb
                0x1000434a       0x3e CMakeFiles/pico2_hardened.dir/home/martina/pico~/pico-sdk/src/rp2_common/pico_usb_reset/usb_reset.c.o
                0x1000434a                tud_vendor_control_xfer_cb
 .text.usbd_app_driver_get_cb
                0x10004388       0x10 CMakeFiles/pico2_hardened.dir/home/martina/pico~/pico-sdk/src/rp2_common/pico_usb_reset/usb_reset.c.o
                0x10004388                usbd_app_driver_get_cb
 .text.tud_cdc_line_coding_cb
                0x10004398       0x34 CMakeFiles/pico2_hardened.dir/home/martina/pico~/pico-sdk/src/rp2_common/pico_usb_reset/usb_reset.c.o
                0x10004398                tud_cdc_line_coding_cb
 .text.dcd_init
                0x100043cc       0xae CMakeFiles/pico2_hardened.dir/home/martina/pico~/pico-sdk/lib/tinyusb/src/portable/raspberrypi/rp2040/dcd_rp2040.c.o
                0x100043cc                dcd_init
 .text.dcd_int_enable
                0x1000447a        0x8 CMakeFiles/pico2_hardened.dir/home/martina/pico~/pico-sdk/lib/tinyusb/src/portable/raspberrypi/rp2040/dcd_rp2040.c.o
                0x1000447a                dcd_int_enable
 .text.dcd_set_address
                0x10004482        0xe CMakeFiles/pico2_hardened.dir/home/martina/pico~/pico-sdk/lib/tinyusb/src/portable/raspberrypi/rp2040/dcd_rp2040.c.o
                0x10004482                dcd_set_address
 .text.dcd_sof_enable
                0x10004490       0x14 CMakeFiles/pico2_hardened.dir/home/martina/pico~/pico-sdk/lib/tinyusb/src/portable/raspberrypi/rp2040/dcd_rp2040.c.o
                0x10004490                dcd_sof_enable
 .text.dcd_edpt0_status_complete
                0x100044a4       0x22 CMakeFiles/pico2_hardened.dir/home/martina/pico~/pico-sdk/lib/tinyusb/src/portable/raspberrypi/rp2040/dcd_rp2040.c.o
                0x100044a4                dcd_edpt0_status_complete
 .text.dcd_edpt_open
                0x100044c6      0x114 CMakeFiles/pico2_hardened.dir/home/martina/pico~/pico-sdk/lib/tinyusb/src/portable/raspberrypi/rp2040/dcd_rp2040.c.o
                0x100044c6                dcd_edpt_open
 .text.dcd_edpt_close_all
                0x100045da        0x8 CMakeFiles/pico2_hardened.dir/home/martina/pico~/pico-sdk/lib/tinyusb/src/portable/raspberrypi/rp2040/dcd_rp2040.c.o
                0x100045da                dcd_edpt_close_all
 .text.dcd_edpt_xfer
                0x100045e2       0x28 CMakeFiles/pico2_hardened.dir/home/martina/pico~/pico-sdk/lib/tinyusb/src/portable/raspberrypi/rp2040/dcd_rp2040.c.o
                0x100045e2                dcd_edpt_xfer
 .text.dcd_edpt_stall
                0x1000460a       0x32 CMakeFiles/pico2_hardened.dir/home/martina/pico~/pico-sdk/lib/tinyusb/src/portable/raspberrypi/rp2040/dcd_rp2040.c.o
                0x1000460a                dcd_edpt_stall
 .text.dcd_edpt_clear_stall
                0x1000463c       0x2e CMakeFiles/pico2_hardened.dir/home/martina/pico~/pico-sdk/lib/tinyusb/src/portable/raspberrypi/rp2040/dcd_rp2040.c.o
                0x1000463c                dcd_edpt_clear_stall
 .text.rp2040_usb_init
                0x1000466a       0x40 CMakeFiles/pico2_hardened.dir/home/martina/pico~/pico-sdk/lib/tinyusb/src/portable/raspberrypi/rp2040/rp2040_usb.c.o
                0x1000466a                rp2040_usb_init
 .text.hw_endpoint_xfer_start
                0x100046aa       0x58 CMakeFiles/pico2_hardened.dir/home/martina/pico~/pico-sdk/lib/tinyusb/src/portable/raspberrypi/rp2040/rp2040_usb.c.o
                0x100046aa                hw_endpoint_xfer_start
 .text.tud_event_hook_cb
                0x10004702        0x2 CMakeFiles/pico2_hardened.dir/home/martina/pico~/pico-sdk/lib/tinyusb/src/device/usbd.c.o
                0x10004702                tud_event_hook_cb
 .text.tud_sof_cb
                0x10004704        0x2 CMakeFiles/pico2_hardened.dir/home/martina/pico~/pico-sdk/lib/tinyusb/src/device/usbd.c.o
                0x10004704                tud_sof_cb
 .text.tud_descriptor_device_qualifier_cb
                0x10004706        0x4 CMakeFiles/pico2_hardened.dir/home/martina/pico~/pico-sdk/lib/tinyusb/src/device/usbd.c.o
                0x10004706                tud_descriptor_device_qualifier_cb
 .text.tud_descriptor_other_speed_configuration_cb
                0x1000470a        0x4 CMakeFiles/pico2_hardened.dir/home/martina/pico~/pico-sdk/lib/tinyusb/src/device/usbd.c.o
                0x1000470a                tud_descriptor_other_speed_configuration_cb
 .text.tud_mount_cb
                0x1000470e        0x2 CMakeFiles/pico2_hardened.dir/home/martina/pico~/pico-sdk/lib/tinyusb/src/device/usbd.c.o
                0x1000470e                tud_mount_cb
 .text.tud_umount_cb
                0x10004710        0x2 CMakeFiles/pico2_hardened.dir/home/martina/pico~/pico-sdk/lib/tinyusb/src/device/usbd.c.o
                0x10004710                tud_umount_cb
 .text.tud_suspend_cb
                0x10004712        0x2 CMakeFiles/pico2_hardened.dir/home/martina/pico~/pico-sdk/lib/tinyusb/src/device/usbd.c.o
                0x10004712                tud_suspend_cb
 .text.tud_resume_cb
                0x10004714        0x2 CMakeFiles/pico2_hardened.dir/home/martina/pico~/pico-sdk/lib/tinyusb/src/device/usbd.c.o
                0x10004714                tud_resume_cb
 .text.tud_mounted
                0x10004716       0x12 CMakeFiles/pico2_hardened.dir/home/martina/pico~/pico-sdk/lib/tinyusb/src/device/usbd.c.o
                0x10004716                tud_mounted
 .text.tud_suspended
                0x10004728       0x10 CMakeFiles/pico2_hardened.dir/home/martina/pico~/pico-sdk/lib/tinyusb/src/device/usbd.c.o
                0x10004728                tud_suspended
 .text.tud_rhport_init
                0x10004738      0x10c CMakeFiles/pico2_hardened.dir/home/martina/pico~/pico-sdk/lib/tinyusb/src/device/usbd.c.o
                0x10004738                tud_rhport_init
 .text.tud_task_ext
                0x10004844      0x890 CMakeFiles/pico2_hardened.dir/home/martina/pico~/pico-sdk/lib/tinyusb/src/device/usbd.c.o
                0x10004844                tud_task_ext
 .text.usbd_open_edpt_pair
                0x100050d4       0xc2 CMakeFiles/pico2_hardened.dir/home/martina/pico~/pico-sdk/lib/tinyusb/src/device/usbd.c.o
                0x100050d4                usbd_open_edpt_pair
 .text.usbd_edpt_open
                0x10005196       0x50 CMakeFiles/pico2_hardened.dir/home/martina/pico~/pico-sdk/lib/tinyusb/src/device/usbd.c.o
                0x10005196                usbd_edpt_open
 .text.usbd_edpt_claim
                0x100051e6       0x22 CMakeFiles/pico2_hardened.dir/home/martina/pico~/pico-sdk/lib/tinyusb/src/device/usbd.c.o
                0x100051e6                usbd_edpt_claim
 .text.usbd_edpt_release
                0x10005208       0x22 CMakeFiles/pico2_hardened.dir/home/martina/pico~/pico-sdk/lib/tinyusb/src/device/usbd.c.o
                0x10005208                usbd_edpt_release
 .text.usbd_edpt_xfer
                0x1000522a       0x64 CMakeFiles/pico2_hardened.dir/home/martina/pico~/pico-sdk/lib/tinyusb/src/device/usbd.c.o
                0x1000522a                usbd_edpt_xfer
 .text.tud_control_status
                0x1000528e       0x62 CMakeFiles/pico2_hardened.dir/home/martina/pico~/pico-sdk/lib/tinyusb/src/device/usbd_control.c.o
                0x1000528e                tud_control_status
 .text.tud_control_xfer
                0x100052f0       0xec CMakeFiles/pico2_hardened.dir/home/martina/pico~/pico-sdk/lib/tinyusb/src/device/usbd_control.c.o
                0x100052f0                tud_control_xfer
 .text.usbd_control_reset
                0x100053dc       0x1e CMakeFiles/pico2_hardened.dir/home/martina/pico~/pico-sdk/lib/tinyusb/src/device/usbd_control.c.o
                0x100053dc                usbd_control_reset
 .text.usbd_control_set_complete_callback
                0x100053fa        0xa CMakeFiles/pico2_hardened.dir/home/martina/pico~/pico-sdk/lib/tinyusb/src/device/usbd_control.c.o
                0x100053fa                usbd_control_set_complete_callback
 .text.usbd_control_set_request
                0x10005404       0x52 CMakeFiles/pico2_hardened.dir/home/martina/pico~/pico-sdk/lib/tinyusb/src/device/usbd_control.c.o
                0x10005404                usbd_control_set_request
 .text.usbd_control_xfer_cb
                0x10005456      0x144 CMakeFiles/pico2_hardened.dir/home/martina/pico~/pico-sdk/lib/tinyusb/src/device/usbd_control.c.o
                0x10005456                usbd_control_xfer_cb
 .text._prep_out_transaction.isra.0
                0x1000559a       0x9e CMakeFiles/pico2_hardened.dir/home/martina/pico~/pico-sdk/lib/tinyusb/src/class/cdc/cdc_device.c.o
 .text.tud_cdc_n_connected
                0x10005638       0x40 CMakeFiles/pico2_hardened.dir/home/martina/pico~/pico-sdk/lib/tinyusb/src/class/cdc/cdc_device.c.o
                0x10005638                tud_cdc_n_connected
 .text.tud_cdc_n_available
                0x10005678       0x26 CMakeFiles/pico2_hardened.dir/home/martina/pico~/pico-sdk/lib/tinyusb/src/class/cdc/cdc_device.c.o
                0x10005678                tud_cdc_n_available
 .text.tud_cdc_n_read
                0x1000569e       0xac CMakeFiles/pico2_hardened.dir/home/martina/pico~/pico-sdk/lib/tinyusb/src/class/cdc/cdc_device.c.o
                0x1000569e                tud_cdc_n_read
 .text.tud_cdc_n_write_flush
                0x1000574a       0xb2 CMakeFiles/pico2_hardened.dir/home/martina/pico~/pico-sdk/lib/tinyusb/src/class/cdc/cdc_device.c.o
                0x1000574a                tud_cdc_n_write_flush
 .text.tud_cdc_n_write
                0x100057fc       0x68 CMakeFiles/pico2_hardened.dir/home/martina/pico~/pico-sdk/lib/tinyusb/src/class/cdc/cdc_device.c.o
                0x100057fc                tud_cdc_n_write
 .text.tud_cdc_n_write_available
                0x10005864       0x26 CMakeFiles/pico2_hardened.dir/home/martina/pico~/pico-sdk/lib/tinyusb/src/class/cdc/cdc_device.c.o
                0x10005864                tud_cdc_n_write_available
 .text.cdcd_init
                0x1000588a       0xa8 CMakeFiles/pico2_hardened.dir/home/martina/pico~/pico-sdk/lib/tinyusb/src/class/cdc/cdc_device.c.o
                0x1000588a                cdcd_init
 .text.cdcd_deinit
                0x10005932       0x38 CMakeFiles/pico2_hardened.dir/home/martina/pico~/pico-sdk/lib/tinyusb/src/class/cdc/cdc_device.c.o
                0x10005932                cdcd_deinit
 .text.cdcd_reset
                0x1000596a       0x66 CMakeFiles/pico2_hardened.dir/home/martina/pico~/pico-sdk/lib/tinyusb/src/class/cdc/cdc_device.c.o
                0x1000596a                cdcd_reset
 .text.cdcd_open
                0x100059d0       0xfc CMakeFiles/pico2_hardened.dir/home/martina/pico~/pico-sdk/lib/tinyusb/src/class/cdc/cdc_device.c.o
                0x100059d0                cdcd_open
 .text.cdcd_control_xfer_cb
                0x10005acc      0x12e CMakeFiles/pico2_hardened.dir/home/martina/pico~/pico-sdk/lib/tinyusb/src/class/cdc/cdc_device.c.o
                0x10005acc                cdcd_control_xfer_cb
 .text.cdcd_xfer_cb
                0x10005bfa      0x124 CMakeFiles/pico2_hardened.dir/home/martina/pico~/pico-sdk/lib/tinyusb/src/class/cdc/cdc_device.c.o
                0x10005bfa                cdcd_xfer_cb
 .text.tusb_rhport_init
                0x10005d1e       0x52 CMakeFiles/pico2_hardened.dir/home/martina/pico~/pico-sdk/lib/tinyusb/src/tusb.c.o
                0x10005d1e                tusb_rhport_init
 .text.tu_edpt_claim
                0x10005d70       0x70 CMakeFiles/pico2_hardened.dir/home/martina/pico~/pico-sdk/lib/tinyusb/src/tusb.c.o
                0x10005d70                tu_edpt_claim
 .text.tu_edpt_release
                0x10005de0       0x54 CMakeFiles/pico2_hardened.dir/home/martina/pico~/pico-sdk/lib/tinyusb/src/tusb.c.o
                0x10005de0                tu_edpt_release
 .text.tu_edpt_validate
                0x10005e34       0x6e CMakeFiles/pico2_hardened.dir/home/martina/pico~/pico-sdk/lib/tinyusb/src/tusb.c.o
                0x10005e34                tu_edpt_validate
 .text.tu_edpt_bind_driver
                0x10005ea2       0x3c CMakeFiles/pico2_hardened.dir/home/martina/pico~/pico-sdk/lib/tinyusb/src/tusb.c.o
                0x10005ea2                tu_edpt_bind_driver
 .text.tu_fifo_config
                0x10005ede       0x88 CMakeFiles/pico2_hardened.dir/home/martina/pico~/pico-sdk/lib/tinyusb/src/common/tusb_fifo.c.o
                0x10005ede                tu_fifo_config
 .text.tu_fifo_count
                0x10005f66       0x28 CMakeFiles/pico2_hardened.dir/home/martina/pico~/pico-sdk/lib/tinyusb/src/common/tusb_fifo.c.o
                0x10005f66                tu_fifo_count
 .text.tu_fifo_empty
                0x10005f8e       0x12 CMakeFiles/pico2_hardened.dir/home/martina/pico~/pico-sdk/lib/tinyusb/src/common/tusb_fifo.c.o
                0x10005f8e                tu_fifo_empty
 .text.tu_fifo_remaining
                0x10005fa0       0x32 CMakeFiles/pico2_hardened.dir/home/martina/pico~/pico-sdk/lib/tinyusb/src/common/tusb_fifo.c.o
                0x10005fa0                tu_fifo_remaining
 .text.tu_fifo_read
                0x10005fd2       0xe0 CMakeFiles/pico2_hardened.dir/home/martina/pico~/pico-sdk/lib/tinyusb/src/common/tusb_fifo.c.o
                0x10005fd2                tu_fifo_read
 .text.tu_fifo_read_n
                0x100060b2      0x158 CMakeFiles/pico2_hardened.dir/home/martina/pico~/pico-sdk/lib/tinyusb/src/common/tusb_fifo.c.o
                0x100060b2                tu_fifo_read_n
 .text.tu_fifo_write
                0x1000620a       0xea CMakeFiles/pico2_hardened.dir/home/martina/pico~/pico-sdk/lib/tinyusb/src/common/tusb_fifo.c.o
                0x1000620a                tu_fifo_write
 .text.tu_fifo_write_n
                0x100062f4      0x1da CMakeFiles/pico2_hardened.dir/home/martina/pico~/pico-sdk/lib/tinyusb/src/common/tusb_fifo.c.o
                0x100062f4                tu_fifo_write_n
 .text.tu_fifo_clear
                0x100064ce       0x4e CMakeFiles/pico2_hardened.dir/home/martina/pico~/pico-sdk/lib/tinyusb/src/common/tusb_fifo.c.o
                0x100064ce                tu_fifo_clear
 .text.tu_fifo_set_overwritable
                0x1000651c       0x5e CMakeFiles/pico2_hardened.dir/home/martina/pico~/pico-sdk/lib/tinyusb/src/common/tusb_fifo.c.o
                0x1000651c                tu_fifo_set_overwritable
 .text.runtime_init_per_core_tls_setup
                0x1000657a       0x50 CMakeFiles/pico2_hardened.dir/home/martina/pico~/pico-sdk/src/rp2_common/pico_thread_local/thread_local.c.o
                0x1000657a                runtime_init_per_core_tls_setup
 .text.main     0x100065ca      0xfa2 hardened.o
                0x100065ca                main
 .text.expo     0x1000756c      0x286 hardened.o
                0x1000756c                expo
 *(.fini)
 *crtbegin.o(.ctors)
 *crtbegin?.o(.ctors)
 *(EXCLUDE_FILE(*crtend.o *crtend?.o) .ctors)
 *(SORT_BY_NAME(.ctors.*))
 *(.ctors)
 *crtbegin.o(.dtors)
 *crtbegin?.o(.dtors)
 *(EXCLUDE_FILE(*crtend.o *crtend?.o) .dtors)
 *(SORT_BY_NAME(.dtors.*))
 *(.dtors)
                0x100077f4                        . = ALIGN (0x4)
 *fill*         0x100077f2        0x2 
                [!provide]                        PROVIDE (__bothinit_array_start = .)
                0x100077f4                        PROVIDE (__preinit_array_start = .)
 *(SORT_BY_NAME(.preinit_array.*))
 .preinit_array.00050
                0x100077f4        0x4 CMakeFiles/pico2_hardened.dir/home/martina/pico~/pico-sdk/src/rp2_common/pico_runtime_init/runtime_init.c.o
                0x100077f4                __pre_init_runtime_init_bootrom_reset
 .preinit_array.00100
                0x100077f8        0x4 CMakeFiles/pico2_hardened.dir/home/martina/pico~/pico-sdk/src/rp2_common/pico_runtime_init/runtime_init.c.o
                0x100077f8                __pre_init_runtime_init_early_resets
 .preinit_array.00101
                0x100077fc        0x4 CMakeFiles/pico2_hardened.dir/home/martina/pico~/pico-sdk/src/rp2_common/pico_runtime_init/runtime_init.c.o
                0x100077fc                __pre_init_runtime_init_usb_power_down
 .preinit_array.00500
                0x10007800        0x4 CMakeFiles/pico2_hardened.dir/home/martina/pico~/pico-sdk/src/rp2_common/pico_runtime_init/runtime_init.c.o
                0x10007800                __pre_init_runtime_init_clocks
 .preinit_array.00600
                0x10007804        0x4 CMakeFiles/pico2_hardened.dir/home/martina/pico~/pico-sdk/src/rp2_common/pico_runtime_init/runtime_init.c.o
                0x10007804                __pre_init_runtime_init_post_clock_resets
 .preinit_array.01000
                0x10007808        0x4 CMakeFiles/pico2_hardened.dir/home/martina/pico~/pico-sdk/src/rp2_common/hardware_boot_lock/boot_lock.c.o
                0x10007808                __pre_init_runtime_init_boot_locks_reset
 .preinit_array.01000
                0x1000780c        0x4 CMakeFiles/pico2_hardened.dir/home/martina/pico~/pico-sdk/src/rp2_common/pico_runtime_init/runtime_init.c.o
                0x1000780c                __pre_init_runtime_init_spin_locks_reset
 .preinit_array.01010
                0x10007810        0x4 CMakeFiles/pico2_hardened.dir/home/martina/pico~/pico-sdk/src/rp2_common/pico_bootrom/bootrom_lock.c.o
                0x10007810                __pre_init_runtime_init_bootrom_locking_enable
 .preinit_array.01100
                0x10007814        0x4 CMakeFiles/pico2_hardened.dir/home/martina/pico~/pico-sdk/src/common/pico_sync/mutex.c.o
                0x10007814                __pre_init_runtime_init_mutex
 .preinit_array.11000
                0x10007818        0x4 CMakeFiles/pico2_hardened.dir/home/martina/pico~/pico-sdk/src/common/pico_time/time.c.o
                0x10007818                __pre_init_runtime_init_default_alarm_pool
 .preinit_array.YYYYY
                0x1000781c        0x4 CMakeFiles/pico2_hardened.dir/home/martina/pico~/pico-sdk/src/rp2_common/pico_runtime/runtime.c.o
                0x1000781c                __pre_init_first_per_core_initializer
 .preinit_array.ZZZZZ.00051
                0x10007820        0x4 CMakeFiles/pico2_hardened.dir/home/martina/pico~/pico-sdk/src/rp2_common/pico_runtime_init/runtime_init.c.o
                0x10007820                __pre_init_runtime_init_per_core_bootrom_reset
 .preinit_array.ZZZZZ.00060
                0x10007824        0x4 CMakeFiles/pico2_hardened.dir/home/martina/pico~/pico-sdk/src/rp2_common/pico_runtime_init/runtime_init.c.o
                0x10007824                __pre_init_runtime_init_per_core_h3_irq_registers
 .preinit_array.ZZZZZ.01200
                0x10007828        0x4 CMakeFiles/pico2_hardened.dir/home/martina/pico~/pico-sdk/src/rp2_common/hardware_irq/irq.c.o
                0x10007828                __pre_init_runtime_init_per_core_irq_priorities
 .preinit_array.ZZZZZ.10060
                0x1000782c        0x4 CMakeFiles/pico2_hardened.dir/home/martina/pico~/pico-sdk/src/rp2_common/pico_thread_local/thread_local.c.o
                0x1000782c                __pre_init_runtime_init_per_core_tls_setup
 *(.preinit_array)
                0x10007830                        PROVIDE (__preinit_array_end = .)
                0x10007830                        . = ALIGN (0x4)
                0x10007830                        PROVIDE (__init_array_start = .)
 *(SORT_BY_NAME(.init_array.*))
 .init_array.01000
                0x10007830        0x4 CMakeFiles/pico2_hardened.dir/home/martina/pico~/pico-sdk/src/rp2_common/pico_unique_id/unique_id.c.o
 *(.init_array)
                0x10007834                        PROVIDE (__init_array_end = .)
                [!provide]                        PROVIDE (__bothinit_array_end = .)
                0x10007834                        . = ALIGN (0x4)
                [!provide]                        PROVIDE (__fini_array_start = .)
 *(SORT_BY_NAME(.fini_array.*))
 *(.fini_array)
                [!provide]                        PROVIDE (__fini_array_end = .)
                [!provide]                        PROVIDE (__dso_handle = 0x0)
 *(.eh_frame*)
                0x10007834                        . = ALIGN (0x4)

.boot2          0x10007834        0x0
                0x10007834                        __boot2_start__ = .
 *(.boot2)
                0x10007834                        __boot2_end__ = .
                0x00000001                        ASSERT (((__boot2_end__ - __boot2_start__) <= 0x100), ERROR: Pico second stage bootloader must be no more than 256 bytes in size)

.rodata         0x10007838      0x8ac
 *(EXCLUDE_FILE(*libm.a: *lib*_a-mem*.o *libc.a: *libgcc.a:) .rodata*)
 .rodata.panic.str1.4
                0x10007838      0x19c CMakeFiles/pico2_hardened.dir/home/martina/pico~/pico-sdk/src/rp2_common/pico_platform_panic/panic.c.o
                                 0x11 (size before relaxing)
 .rodata.spin_lock_claim_unused.str1.4
                0x100079d4        0x0 CMakeFiles/pico2_hardened.dir/home/martina/pico~/pico-sdk/src/rp2_common/hardware_sync/sync.c.o
                                 0x1b (size before relaxing)
 .rodata.user_irq_claim_unused.str1.4
                0x100079d4        0x0 CMakeFiles/pico2_hardened.dir/home/martina/pico~/pico-sdk/src/rp2_common/hardware_irq/irq.c.o
                                 0x1b (size before relaxing)
 .rodata.timer_hardware_alarm_claim.str1.4
                0x100079d4        0x0 CMakeFiles/pico2_hardened.dir/home/martina/pico~/pico-sdk/src/rp2_common/hardware_timer/timer.c.o
                                 0x22 (size before relaxing)
 .rodata.hard_assertion_failure.str1.4
                0x100079d4        0x0 CMakeFiles/pico2_hardened.dir/home/martina/pico~/pico-sdk/src/rp2_common/pico_runtime/runtime.c.o
                                  0xc (size before relaxing)
 .rodata.str1.4
                0x100079d4        0x0 CMakeFiles/pico2_hardened.dir/home/martina/pico~/pico-sdk/src/rp2_common/pico_standard_binary_info/standard_binary_info.c.o
                                 0x44 (size before relaxing)
 .rodata.__bi_84
                0x100079d4        0xc CMakeFiles/pico2_hardened.dir/home/martina/pico~/pico-sdk/src/rp2_common/pico_standard_binary_info/standard_binary_info.c.o
 .rodata.__bi_78
                0x100079e0        0xc CMakeFiles/pico2_hardened.dir/home/martina/pico~/pico-sdk/src/rp2_common/pico_standard_binary_info/standard_binary_info.c.o
 .rodata.__bi_54
                0x100079ec        0xc CMakeFiles/pico2_hardened.dir/home/martina/pico~/pico-sdk/src/rp2_common/pico_standard_binary_info/standard_binary_info.c.o
 .rodata.__bi_48
                0x100079f8        0xc CMakeFiles/pico2_hardened.dir/home/martina/pico~/pico-sdk/src/rp2_common/pico_standard_binary_info/standard_binary_info.c.o
 .rodata.__bi_42
                0x10007a04        0xc CMakeFiles/pico2_hardened.dir/home/martina/pico~/pico-sdk/src/rp2_common/pico_standard_binary_info/standard_binary_info.c.o
 .rodata.__bi_34
                0x10007a10        0xc CMakeFiles/pico2_hardened.dir/home/martina/pico~/pico-sdk/src/rp2_common/pico_standard_binary_info/standard_binary_info.c.o
 .rodata.__bi_26
                0x10007a1c        0xc CMakeFiles/pico2_hardened.dir/home/martina/pico~/pico-sdk/src/rp2_common/pico_standard_binary_info/standard_binary_info.c.o
 .rodata._ftoa.str1.4
                0x10007a28        0x0 CMakeFiles/pico2_hardened.dir/home/martina/pico~/pico-sdk/src/rp2_common/pico_printf/printf.c.o
                                 0x15 (size before relaxing)
 .rodata._vsnprintf
                0x10007a28      0x19c CMakeFiles/pico2_hardened.dir/home/martina/pico~/pico-sdk/src/rp2_common/pico_printf/printf.c.o
 *fill*         0x10007bc4        0x4 
 .rodata.pow10.0
                0x10007bc8       0x50 CMakeFiles/pico2_hardened.dir/home/martina/pico~/pico-sdk/src/rp2_common/pico_printf/printf.c.o
 .rodata.str1.4
                0x10007c18        0x0 CMakeFiles/pico2_hardened.dir/home/martina/pico~/pico-sdk/src/rp2_common/pico_stdio_uart/stdio_uart.c.o
                                 0x2c (size before relaxing)
 .rodata.__bi_45.4
                0x10007c18        0xc CMakeFiles/pico2_hardened.dir/home/martina/pico~/pico-sdk/src/rp2_common/pico_stdio_uart/stdio_uart.c.o
 .rodata.str1.4
                0x10007c24        0x0 CMakeFiles/pico2_hardened.dir/home/martina/pico~/pico-sdk/src/rp2_common/pico_stdio_usb/stdio_usb.c.o
                                 0x13 (size before relaxing)
 .rodata.__bi_204.0
                0x10007c24        0xc CMakeFiles/pico2_hardened.dir/home/martina/pico~/pico-sdk/src/rp2_common/pico_stdio_usb/stdio_usb.c.o
 .rodata.str1.4
                0x10007c30        0x0 CMakeFiles/pico2_hardened.dir/home/martina/pico~/pico-sdk/src/rp2_common/pico_stdio_usb/stdio_usb_descriptors.c.o
                                 0x2a (size before relaxing)
 .rodata.usbd_desc_str
                0x10007c30       0x18 CMakeFiles/pico2_hardened.dir/home/martina/pico~/pico-sdk/src/rp2_common/pico_stdio_usb/stdio_usb_descriptors.c.o
 .rodata.usbd_desc_cfg
                0x10007c48       0x54 CMakeFiles/pico2_hardened.dir/home/martina/pico~/pico-sdk/src/rp2_common/pico_stdio_usb/stdio_usb_descriptors.c.o
 .rodata.usbd_desc_device
                0x10007c9c       0x12 CMakeFiles/pico2_hardened.dir/home/martina/pico~/pico-sdk/src/rp2_common/pico_stdio_usb/stdio_usb_descriptors.c.o
 *fill*         0x10007cae        0x2 
 .rodata.desc_ms_os_20
                0x10007cb0       0xa6 CMakeFiles/pico2_hardened.dir/home/martina/pico~/pico-sdk/src/rp2_common/pico_usb_reset/usb_reset.c.o
 *fill*         0x10007d56        0x2 
 .rodata.desc_bos
                0x10007d58       0x21 CMakeFiles/pico2_hardened.dir/home/martina/pico~/pico-sdk/src/rp2_common/pico_usb_reset/usb_reset.c.o
                0x10007d58                desc_bos
 *fill*         0x10007d79        0x3 
 .rodata.usb_reset_interface_driver
                0x10007d7c       0x20 CMakeFiles/pico2_hardened.dir/home/martina/pico~/pico-sdk/src/rp2_common/pico_usb_reset/usb_reset.c.o
 .rodata.str1.4
                0x10007d9c        0x0 CMakeFiles/pico2_hardened.dir/home/martina/pico~/pico-sdk/lib/tinyusb/src/portable/raspberrypi/rp2040/dcd_rp2040.c.o
                                 0x14 (size before relaxing)
 .rodata.str1.4
                0x10007d9c        0x0 CMakeFiles/pico2_hardened.dir/home/martina/pico~/pico-sdk/lib/tinyusb/src/portable/raspberrypi/rp2040/rp2040_usb.c.o
                                 0x48 (size before relaxing)
 .rodata.tud_task_ext
                0x10007d9c       0x8c CMakeFiles/pico2_hardened.dir/home/martina/pico~/pico-sdk/lib/tinyusb/src/device/usbd.c.o
 .rodata        0x10007e28       0x1c CMakeFiles/pico2_hardened.dir/home/martina/pico~/pico-sdk/lib/tinyusb/src/device/usbd.c.o
 .rodata._usbd_driver
                0x10007e44       0x20 CMakeFiles/pico2_hardened.dir/home/martina/pico~/pico-sdk/lib/tinyusb/src/device/usbd.c.o
 .rodata.str1.1
                0x10007e64      0x1cc hardened.o
                                0x6a0 (size before relaxing)
 *(.srodata*)
 .srodata.cst8  0x10008030       0x98 CMakeFiles/pico2_hardened.dir/home/martina/pico~/pico-sdk/src/rp2_common/pico_printf/printf.c.o
 .srodata.crlf_str.0
                0x100080c8        0x2 CMakeFiles/pico2_hardened.dir/home/martina/pico~/pico-sdk/src/rp2_common/pico_stdio/stdio.c.o
 *fill*         0x100080ca        0x2 
 .srodata.__bi_49.5
                0x100080cc        0x8 CMakeFiles/pico2_hardened.dir/home/martina/pico~/pico-sdk/src/rp2_common/pico_stdio_uart/stdio_uart.c.o
 .srodata.__bi_50.6
                0x100080d4        0x8 CMakeFiles/pico2_hardened.dir/home/martina/pico~/pico-sdk/src/rp2_common/pico_stdio_uart/stdio_uart.c.o
 .srodata.__tls_bases.0
                0x100080dc        0x8 CMakeFiles/pico2_hardened.dir/home/martina/pico~/pico-sdk/src/rp2_common/pico_thread_local/thread_local.c.o
                0x100080e4                        . = ALIGN (0x4)
 *(SORT_BY_ALIGNMENT(SORT_BY_NAME(.flashdata*)))
                0x100080e4                        . = ALIGN (0x4)

.ARM.extab
 *(.ARM.extab* .gnu.linkonce.armextab.*)
                0x100080e4                        __exidx_start = .

.ARM.exidx
 *(.ARM.exidx* .gnu.linkonce.armexidx.*)
                0x100080e4                        __exidx_end = .
                0x100080e4                        . = ALIGN (0x4)
                0x100080e4                        __binary_info_start = .

.binary_info    0x100080e4       0x2c
 *(.binary_info.keep.*)
 .binary_info.keep.__bi_ptr84
                0x100080e4        0x4 CMakeFiles/pico2_hardened.dir/home/martina/pico~/pico-sdk/src/rp2_common/pico_standard_binary_info/standard_binary_info.c.o
 .binary_info.keep.__bi_ptr78
                0x100080e8        0x4 CMakeFiles/pico2_hardened.dir/home/martina/pico~/pico-sdk/src/rp2_common/pico_standard_binary_info/standard_binary_info.c.o
 .binary_info.keep.__bi_ptr54
                0x100080ec        0x4 CMakeFiles/pico2_hardened.dir/home/martina/pico~/pico-sdk/src/rp2_common/pico_standard_binary_info/standard_binary_info.c.o
 .binary_info.keep.__bi_ptr48
                0x100080f0        0x4 CMakeFiles/pico2_hardened.dir/home/martina/pico~/pico-sdk/src/rp2_common/pico_standard_binary_info/standard_binary_info.c.o
 .binary_info.keep.__bi_ptr42
                0x100080f4        0x4 CMakeFiles/pico2_hardened.dir/home/martina/pico~/pico-sdk/src/rp2_common/pico_standard_binary_info/standard_binary_info.c.o
 .binary_info.keep.__bi_ptr34
                0x100080f8        0x4 CMakeFiles/pico2_hardened.dir/home/martina/pico~/pico-sdk/src/rp2_common/pico_standard_binary_info/standard_binary_info.c.o
 .binary_info.keep.__bi_ptr26
                0x100080fc        0x4 CMakeFiles/pico2_hardened.dir/home/martina/pico~/pico-sdk/src/rp2_common/pico_standard_binary_info/standard_binary_info.c.o
 *(.binary_info.*)
 .binary_info.__bi_ptr50
                0x10008100        0x4 CMakeFiles/pico2_hardened.dir/home/martina/pico~/pico-sdk/src/rp2_common/pico_stdio_uart/stdio_uart.c.o
 .binary_info.__bi_ptr49
                0x10008104        0x4 CMakeFiles/pico2_hardened.dir/home/martina/pico~/pico-sdk/src/rp2_common/pico_stdio_uart/stdio_uart.c.o
 .binary_info.__bi_ptr45
                0x10008108        0x4 CMakeFiles/pico2_hardened.dir/home/martina/pico~/pico-sdk/src/rp2_common/pico_stdio_uart/stdio_uart.c.o
 .binary_info.__bi_ptr204
                0x1000810c        0x4 CMakeFiles/pico2_hardened.dir/home/martina/pico~/pico-sdk/src/rp2_common/pico_stdio_usb/stdio_usb.c.o
                0x10008110                        __binary_info_end = .
                0x10008110                        . = ALIGN (0x4)

.psram_load     0x11000000        0x0 load address 0x10008110
                0x11000000                        __psram_start__ = .
                0x11000000                        __psram_load_start__ = .
 *(SORT_BY_NAME(.psram_initialised.*))
                0x11000000                        . = ALIGN (0x4)
                0x11000000                        __psram_load_end__ = .
                0x10008110                        __psram_load_source__ = LOADADDR (.psram_load)

.psram_noload   0x11000000        0x0 load address 0x10008110
 *(SORT_BY_NAME(.psram_uninitialised.*))
                0x11000000                        . = ALIGN (0x4)
                0x11000000                        __psram_end__ = .

.xip_ram        0x13ffc000        0x0 load address 0x10008110
                0x13ffc000                        __xip_ram_start__ = .
                0x13ffc000                        . = ALIGN (0x4)
 *(.xip_ram*)
                0x13ffc000                        . = ALIGN (0x4)
                0x13ffc000                        __xip_ram_end__ = .
                0x10008110                        __xip_ram_source__ = LOADADDR (.xip_ram)

.ram_vector_table
 *(.ram_vector_table)

.uninitialized_data
                0x20000000        0x0
                0x20000000                        . = ALIGN (0x4)
 *(.uninitialized_data*)

.data           0x20000000     0x324c load address 0x10008110
                0x20000000                        __data_start__ = .
 *(vtable)
 *(.time_critical*)
 .time_critical.mutex_try_enter
                0x20000000       0x5c CMakeFiles/pico2_hardened.dir/home/martina/pico~/pico-sdk/src/common/pico_sync/mutex.c.o
                0x20000000                mutex_try_enter
 .time_critical.mutex_enter_block_until
                0x2000005c       0xb8 CMakeFiles/pico2_hardened.dir/home/martina/pico~/pico-sdk/src/common/pico_sync/mutex.c.o
                0x2000005c                mutex_enter_block_until
 .time_critical.mutex_try_enter_block_until
                0x20000114       0x44 CMakeFiles/pico2_hardened.dir/home/martina/pico~/pico-sdk/src/common/pico_sync/mutex.c.o
                0x20000114                mutex_try_enter_block_until
 .time_critical.mutex_enter_timeout_ms
                0x20000158       0x46 CMakeFiles/pico2_hardened.dir/home/martina/pico~/pico-sdk/src/common/pico_sync/mutex.c.o
                0x20000158                mutex_enter_timeout_ms
 .time_critical.mutex_exit
                0x2000019e       0x42 CMakeFiles/pico2_hardened.dir/home/martina/pico~/pico-sdk/src/common/pico_sync/mutex.c.o
                0x2000019e                mutex_exit
 .time_critical.reset_non_control_endpoints
                0x200001e0       0xa4 CMakeFiles/pico2_hardened.dir/home/martina/pico~/pico-sdk/lib/tinyusb/src/portable/raspberrypi/rp2040/dcd_rp2040.c.o
 .time_critical.hw_handle_buff_status
                0x20000284       0xb8 CMakeFiles/pico2_hardened.dir/home/martina/pico~/pico-sdk/lib/tinyusb/src/portable/raspberrypi/rp2040/dcd_rp2040.c.o
 .time_critical.dcd_rp2040_irq
                0x2000033c      0x564 CMakeFiles/pico2_hardened.dir/home/martina/pico~/pico-sdk/lib/tinyusb/src/portable/raspberrypi/rp2040/dcd_rp2040.c.o
 .time_critical.prepare_ep_buffer
                0x200008a0       0xec CMakeFiles/pico2_hardened.dir/home/martina/pico~/pico-sdk/lib/tinyusb/src/portable/raspberrypi/rp2040/rp2040_usb.c.o
 .time_critical.sync_ep_buffer
                0x2000098c       0xd2 CMakeFiles/pico2_hardened.dir/home/martina/pico~/pico-sdk/lib/tinyusb/src/portable/raspberrypi/rp2040/rp2040_usb.c.o
 .time_critical._hw_endpoint_xfer_sync
                0x20000a5e       0x38 CMakeFiles/pico2_hardened.dir/home/martina/pico~/pico-sdk/lib/tinyusb/src/portable/raspberrypi/rp2040/rp2040_usb.c.o
 .time_critical.e15_is_bulkin_ep
                0x20000a96       0x2a CMakeFiles/pico2_hardened.dir/home/martina/pico~/pico-sdk/lib/tinyusb/src/portable/raspberrypi/rp2040/rp2040_usb.c.o
 .time_critical.e15_is_critical_frame_period
                0x20000ac0       0x22 CMakeFiles/pico2_hardened.dir/home/martina/pico~/pico-sdk/lib/tinyusb/src/portable/raspberrypi/rp2040/rp2040_usb.c.o
 .time_critical.hw_endpoint_reset_transfer
                0x20000ae2        0xe CMakeFiles/pico2_hardened.dir/home/martina/pico~/pico-sdk/lib/tinyusb/src/portable/raspberrypi/rp2040/rp2040_usb.c.o
                0x20000ae2                hw_endpoint_reset_transfer
 *fill*         0x20000af0        0x0 
 .time_critical._hw_endpoint_buffer_control_update32
                0x20000af0       0x54 CMakeFiles/pico2_hardened.dir/home/martina/pico~/pico-sdk/lib/tinyusb/src/portable/raspberrypi/rp2040/rp2040_usb.c.o
                0x20000af0                _hw_endpoint_buffer_control_update32
 .time_critical.hw_endpoint_start_next_buffer
                0x20000b44       0x6c CMakeFiles/pico2_hardened.dir/home/martina/pico~/pico-sdk/lib/tinyusb/src/portable/raspberrypi/rp2040/rp2040_usb.c.o
                0x20000b44                hw_endpoint_start_next_buffer
 .time_critical.hw_endpoint_xfer_continue
                0x20000bb0       0x5a CMakeFiles/pico2_hardened.dir/home/martina/pico~/pico-sdk/lib/tinyusb/src/portable/raspberrypi/rp2040/rp2040_usb.c.o
                0x20000bb0                hw_endpoint_xfer_continue
 .time_critical.tinyusb
                0x20000c0a      0x266 CMakeFiles/pico2_hardened.dir/home/martina/pico~/pico-sdk/lib/tinyusb/src/device/usbd.c.o
                0x20000c0a                dcd_event_handler
 *(.text*)
 .text          0x20000e70      0x2e6 /home/martina/pico-tools/riscv-toolchain/bin/../lib/gcc/riscv32-unknown-elf/15.2.0/rv32imac_zicsr_zifencei_zaamo_zalrsc_zba_zbb_zbkb_zbs/ilp32/libgcc.a(_udivdi3.o)
                0x20000e70                __udivdi3
 .text          0x20001156      0x332 /home/martina/pico-tools/riscv-toolchain/bin/../lib/gcc/riscv32-unknown-elf/15.2.0/rv32imac_zicsr_zifencei_zaamo_zalrsc_zba_zbb_zbkb_zbs/ilp32/libgcc.a(_umoddi3.o)
                0x20001156                __umoddi3
 .text          0x20001488      0x57e /home/martina/pico-tools/riscv-toolchain/bin/../lib/gcc/riscv32-unknown-elf/15.2.0/rv32imac_zicsr_zifencei_zaamo_zalrsc_zba_zbb_zbkb_zbs/ilp32/libgcc.a(adddf3.o)
                0x20001488                __adddf3
 .text          0x20001a06      0x4ba /home/martina/pico-tools/riscv-toolchain/bin/../lib/gcc/riscv32-unknown-elf/15.2.0/rv32imac_zicsr_zifencei_zaamo_zalrsc_zba_zbb_zbkb_zbs/ilp32/libgcc.a(divdf3.o)
                0x20001a06                __divdf3
 .text          0x20001ec0       0xb6 /home/martina/pico-tools/riscv-toolchain/bin/../lib/gcc/riscv32-unknown-elf/15.2.0/rv32imac_zicsr_zifencei_zaamo_zalrsc_zba_zbb_zbkb_zbs/ilp32/libgcc.a(gedf2.o)
                0x20001ec0                __gtdf2
                0x20001ec0                __gedf2
 .text          0x20001f76       0xb6 /home/martina/pico-tools/riscv-toolchain/bin/../lib/gcc/riscv32-unknown-elf/15.2.0/rv32imac_zicsr_zifencei_zaamo_zalrsc_zba_zbb_zbkb_zbs/ilp32/libgcc.a(ledf2.o)
                0x20001f76                __ltdf2
                0x20001f76                __ledf2
 .text          0x2000202c      0x420 /home/martina/pico-tools/riscv-toolchain/bin/../lib/gcc/riscv32-unknown-elf/15.2.0/rv32imac_zicsr_zifencei_zaamo_zalrsc_zba_zbb_zbkb_zbs/ilp32/libgcc.a(muldf3.o)
                0x2000202c                __muldf3
 .text          0x2000244c      0x592 /home/martina/pico-tools/riscv-toolchain/bin/../lib/gcc/riscv32-unknown-elf/15.2.0/rv32imac_zicsr_zifencei_zaamo_zalrsc_zba_zbb_zbkb_zbs/ilp32/libgcc.a(subdf3.o)
                0x2000244c                __subdf3
 .text          0x200029de       0x34 /home/martina/pico-tools/riscv-toolchain/bin/../lib/gcc/riscv32-unknown-elf/15.2.0/rv32imac_zicsr_zifencei_zaamo_zalrsc_zba_zbb_zbkb_zbs/ilp32/libgcc.a(unorddf2.o)
                0x200029de                __unorddf2
 .text          0x20002a12       0x60 /home/martina/pico-tools/riscv-toolchain/bin/../lib/gcc/riscv32-unknown-elf/15.2.0/rv32imac_zicsr_zifencei_zaamo_zalrsc_zba_zbb_zbkb_zbs/ilp32/libgcc.a(fixdfsi.o)
                0x20002a12                __fixdfsi
 .text          0x20002a72       0x5e /home/martina/pico-tools/riscv-toolchain/bin/../lib/gcc/riscv32-unknown-elf/15.2.0/rv32imac_zicsr_zifencei_zaamo_zalrsc_zba_zbb_zbkb_zbs/ilp32/libgcc.a(fixunsdfsi.o)
                0x20002a72                __fixunsdfsi
 .text          0x20002ad0       0x50 /home/martina/pico-tools/riscv-toolchain/bin/../lib/gcc/riscv32-unknown-elf/15.2.0/rv32imac_zicsr_zifencei_zaamo_zalrsc_zba_zbb_zbkb_zbs/ilp32/libgcc.a(floatsidf.o)
                0x20002ad0                __floatsidf
 .text          0x20002b20       0x3c /home/martina/pico-tools/riscv-toolchain/bin/../lib/gcc/riscv32-unknown-elf/15.2.0/rv32imac_zicsr_zifencei_zaamo_zalrsc_zba_zbb_zbkb_zbs/ilp32/libgcc.a(floatunsidf.o)
                0x20002b20                __floatunsidf
 .text          0x20002b5c      0x178 /home/martina/pico-tools/riscv-toolchain/bin/../lib/gcc/riscv32-unknown-elf/15.2.0/../../../../riscv32-unknown-elf/lib/rv32imac_zicsr_zifencei_zaamo_zalrsc_zba_zbb_zbkb_zbs/ilp32/libc.a(libc_a-memset.o)
                0x20002b5c                memset
 .text.memcpy   0x20002cd4      0x16e /home/martina/pico-tools/riscv-toolchain/bin/../lib/gcc/riscv32-unknown-elf/15.2.0/../../../../riscv32-unknown-elf/lib/rv32imac_zicsr_zifencei_zaamo_zalrsc_zba_zbb_zbkb_zbs/ilp32/libc.a(libc_a-memcpy.o)
                0x20002cd4                memcpy
 .text.strlen   0x20002e42       0x40 /home/martina/pico-tools/riscv-toolchain/bin/../lib/gcc/riscv32-unknown-elf/15.2.0/../../../../riscv32-unknown-elf/lib/rv32imac_zicsr_zifencei_zaamo_zalrsc_zba_zbb_zbkb_zbs/ilp32/libc.a(libc_a-strlen.o)
                0x20002e42                strlen
                0x20002e84                        . = ALIGN (0x4)
 *fill*         0x20002e82        0x2 
 *(.rodata*)
 .rodata        0x20002e84       0x3c /home/martina/pico-tools/riscv-toolchain/bin/../lib/gcc/riscv32-unknown-elf/15.2.0/rv32imac_zicsr_zifencei_zaamo_zalrsc_zba_zbb_zbkb_zbs/ilp32/libgcc.a(divdf3.o)
 .rodata        0x20002ec0      0x100 /home/martina/pico-tools/riscv-toolchain/bin/../lib/gcc/riscv32-unknown-elf/15.2.0/rv32imac_zicsr_zifencei_zaamo_zalrsc_zba_zbb_zbkb_zbs/ilp32/libgcc.a(_clz.o)
                0x20002ec0                __clz_tab
                0x20002fc0                        . = ALIGN (0x4)
                [!provide]                        PROVIDE (__emutls_array_start = .)
 *(.*.__emutls_v.*)
                [!provide]                        PROVIDE (__emutls_array_end = .)
                0x20002fc0                        . = ALIGN (0x4)
 *(.data*)
 .data          0x20002fc0       0x62 CMakeFiles/pico2_hardened.dir/home/martina/pico~/pico-sdk/src/rp2_common/hardware_irq/irq_handler_chain.S.o
                0x20002fc0                irq_handler_chain_slots
                0x20003008                irq_handler_chain_first_slot
                0x20003014                irq_handler_chain_remove_tail
 *fill*         0x20003022        0x2 
 .data.default_alarm_pool
                0x20003024       0x18 CMakeFiles/pico2_hardened.dir/home/martina/pico~/pico-sdk/src/common/pico_time/time.c.o
 *fill*         0x2000303c        0x4 
 .data          0x20003040      0x1a8 CMakeFiles/pico2_hardened.dir/home/martina/pico~/pico-sdk/src/rp2_common/pico_crt0/crt0_riscv.S.o
                0x20003040                __vectors
                0x20003040                __VECTOR_TABLE
                0x2000306c                isr_riscv_machine_external_irq
                0x20003110                __soft_vector_table
                0x200031e0                isr_riscv_machine_exception
                0x200031e0                isr_riscv_machine_timer
                0x200031e0                __default_isrs_start
                0x200031e2                isr_riscv_machine_soft_irq
                0x200031e4                isr_irq30
                0x200031e4                __unhandled_user_irq
                0x200031e4                isr_irq49
                0x200031e4                isr_irq13
                0x200031e4                isr_irq43
                0x200031e4                isr_irq45
                0x200031e4                isr_irq27
                0x200031e4                isr_irq32
                0x200031e4                isr_irq31
                0x200031e4                isr_irq5
                0x200031e4                isr_irq11
                0x200031e4                isr_irq23
                0x200031e4                unhandled_user_irq_num_in_a0
                0x200031e4                isr_irq48
                0x200031e4                isr_irq35
                0x200031e4                isr_irq18
                0x200031e4                isr_irq50
                0x200031e4                isr_irq40
                0x200031e4                isr_irq28
                0x200031e4                isr_irq19
                0x200031e4                isr_irq36
                0x200031e4                isr_irq41
                0x200031e4                isr_irq0
                0x200031e4                isr_irq6
                0x200031e4                isr_irq37
                0x200031e4                isr_irq42
                0x200031e4                isr_irq22
                0x200031e4                isr_irq17
                0x200031e4                isr_irq38
                0x200031e4                isr_irq14
                0x200031e4                isr_irq2
                0x200031e4                isr_irq10
                0x200031e4                isr_irq8
                0x200031e4                isr_irq24
                0x200031e4                isr_irq46
                0x200031e4                isr_irq1
                0x200031e4                isr_irq47
                0x200031e4                isr_irq51
                0x200031e4                isr_irq7
                0x200031e4                isr_irq21
                0x200031e4                isr_irq39
                0x200031e4                isr_irq20
                0x200031e4                isr_irq15
                0x200031e4                isr_irq25
                0x200031e4                isr_irq34
                0x200031e4                isr_irq4
                0x200031e4                isr_irq16
                0x200031e4                isr_irq44
                0x200031e4                isr_irq29
                0x200031e4                isr_irq26
                0x200031e4                isr_irq33
                0x200031e4                isr_irq3
                0x200031e4                isr_irq12
                0x200031e4                isr_irq9
                0x200031e8                __default_isrs_end
 .data.stdio_uart
                0x200031e8       0x18 CMakeFiles/pico2_hardened.dir/home/martina/pico~/pico-sdk/src/rp2_common/pico_stdio_uart/stdio_uart.c.o
                0x200031e8                stdio_uart
 .data.stdio_usb
                0x20003200       0x18 CMakeFiles/pico2_hardened.dir/home/martina/pico~/pico-sdk/src/rp2_common/pico_stdio_usb/stdio_usb.c.o
                0x20003200                stdio_usb
 .data._usbd_qdef
                0x20003218       0x1c CMakeFiles/pico2_hardened.dir/home/martina/pico~/pico-sdk/lib/tinyusb/src/device/usbd.c.o
                0x20003218                _usbd_qdef
 *(.sdata*)
 .sdata.striped_spin_lock_num
                0x20003234        0x1 CMakeFiles/pico2_hardened.dir/home/martina/pico~/pico-sdk/src/rp2_common/hardware_sync/sync.c.o
 *fill*         0x20003235        0x3 
 .sdata.last_added.0
                0x20003238        0x8 CMakeFiles/pico2_hardened.dir/home/martina/pico~/pico-sdk/src/common/pico_time/time.c.o
 .sdata._usbd_rhport
                0x20003240        0x1 CMakeFiles/pico2_hardened.dir/home/martina/pico~/pico-sdk/lib/tinyusb/src/device/usbd.c.o
                0x20003244                        . = ALIGN (0x4)
 *fill*         0x20003241        0x3 
 *(.after_data.*)
                0x20003244                        . = ALIGN (0x4)
                0x20003244                        PROVIDE (__mutex_array_start = .)
 *(SORT_BY_NAME(.mutex_array.*))
 *(.mutex_array)
 .mutex_array   0x20003244        0x8 CMakeFiles/pico2_hardened.dir/home/martina/pico~/pico-sdk/src/rp2_common/pico_stdio/stdio.c.o
                0x2000324c                        PROVIDE (__mutex_array_end = .)
 *(.jcr)
                0x2000324c                        . = ALIGN (0x4)

.tdata          0x2000324c        0x0 load address 0x1000b35c
                0x2000324c                        . = ALIGN (0x4)
 *(.tdata .tdata.* .gnu.linkonce.td.*)
                0x2000324c                        __tdata_end = .
                0x2000324c                        PROVIDE (__data_end__ = .)
                0x10008110                        __etext = LOADADDR (.data)
                0x2000324c                        . = ALIGN (0x4)

.tbss           0x2000324c        0x0 load address 0x1000b35c
                0x2000324c                        __bss_start__ = .
                0x2000324c                        __tls_base = .
 *(.tbss .tbss.* .gnu.linkonce.tb.*)
 *(.tcommon)
                0x2000324c                        . = ALIGN (0x4)
                0x2000324c                        __tls_end = .

.tbss_space     0x2000324c        0x0 load address 0x1000b35c
                0x2000324c                        . = (__bss_start__ + SIZEOF (.tbss))

.bss            0x20003250      0x978 load address 0x1000b35c
                0x20003250                        . = ALIGN (0x4)
                0x20003250                        __tbss_end = .
 *(SORT_BY_ALIGNMENT(SORT_BY_NAME(.bss*)))
 .bss.anb_prev_sig
                0x20003250        0x8 hardened.o
                0x20003250                anb_prev_sig
 .bss.default_alarm_pool_entries
                0x20003258      0x180 CMakeFiles/pico2_hardened.dir/home/martina/pico~/pico-sdk/src/common/pico_time/time.c.o
 .bss.runtime_sig
                0x200033d8        0x8 hardened.o
                0x200033d8                runtime_sig
 .bss._cdcd_epbuf
                0x200033e0       0x80 CMakeFiles/pico2_hardened.dir/home/martina/pico~/pico-sdk/lib/tinyusb/src/class/cdc/cdc_device.c.o
 .bss._cdcd_itf
                0x20003460       0xc8 CMakeFiles/pico2_hardened.dir/home/martina/pico~/pico-sdk/lib/tinyusb/src/class/cdc/cdc_device.c.o
 .bss._ctrl_epbuf
                0x20003528       0x40 CMakeFiles/pico2_hardened.dir/home/martina/pico~/pico-sdk/lib/tinyusb/src/device/usbd_control.c.o
 .bss._ctrl_xfer
                0x20003568       0x14 CMakeFiles/pico2_hardened.dir/home/martina/pico~/pico-sdk/lib/tinyusb/src/device/usbd_control.c.o
 .bss._sw_spin_locks
                0x2000357c       0x20 CMakeFiles/pico2_hardened.dir/home/martina/pico~/pico-sdk/src/rp2_common/hardware_sync_spin_lock/sync_spin_lock.c.o
                0x2000357c                _sw_spin_locks
 .bss._usbd_dev
                0x2000359c       0x54 CMakeFiles/pico2_hardened.dir/home/martina/pico~/pico-sdk/lib/tinyusb/src/device/usbd.c.o
 .bss._usbd_qdef_buf
                0x200035f0       0xc0 CMakeFiles/pico2_hardened.dir/home/martina/pico~/pico-sdk/lib/tinyusb/src/device/usbd.c.o
                0x200035f0                _usbd_qdef_buf
 .bss.configured_freq
                0x200036b0       0x28 CMakeFiles/pico2_hardened.dir/home/martina/pico~/pico-sdk/src/rp2_common/hardware_clocks/clocks.c.o
 .bss.desc_str.0
                0x200036d8       0x28 CMakeFiles/pico2_hardened.dir/home/martina/pico~/pico-sdk/src/rp2_common/pico_stdio_usb/stdio_usb_descriptors.c.o
 .bss.hw_endpoints
                0x20003700      0x400 CMakeFiles/pico2_hardened.dir/home/martina/pico~/pico-sdk/lib/tinyusb/src/portable/raspberrypi/rp2040/dcd_rp2040.c.o
 .bss.pools     0x20003b00       0x20 CMakeFiles/pico2_hardened.dir/home/martina/pico~/pico-sdk/src/common/pico_time/time.c.o
 .bss.usbd_serial_str
                0x20003b20       0x11 CMakeFiles/pico2_hardened.dir/home/martina/pico~/pico-sdk/src/rp2_common/pico_stdio_usb/stdio_usb_descriptors.c.o
 *(COMMON)
                0x20004331                        PROVIDE (__global_pointer$ = (. + 0x800))
 *(.sbss*)
 *fill*         0x20003b31        0x3 
 .sbss.claimed  0x20003b34        0x4 CMakeFiles/pico2_hardened.dir/home/martina/pico~/pico-sdk/src/rp2_common/hardware_sync/sync.c.o
 .sbss.irq_handler_chain_free_slot_head
                0x20003b38        0x1 CMakeFiles/pico2_hardened.dir/home/martina/pico~/pico-sdk/src/rp2_common/hardware_irq/irq.c.o
 .sbss.user_irq_claimed
                0x20003b39        0x1 CMakeFiles/pico2_hardened.dir/home/martina/pico~/pico-sdk/src/rp2_common/hardware_irq/irq.c.o
 .sbss.lock_internal_notify_count
                0x20003b3a        0x1 CMakeFiles/pico2_hardened.dir/home/martina/pico~/pico-sdk/src/common/pico_sync/lock_core.c.o
                0x20003b3a                lock_internal_notify_count
 *fill*         0x20003b3b        0x1 
 .sbss.sleep_notifier
                0x20003b3c        0x4 CMakeFiles/pico2_hardened.dir/home/martina/pico~/pico-sdk/src/common/pico_time/time.c.o
 .sbss.claimed  0x20003b40        0x2 CMakeFiles/pico2_hardened.dir/home/martina/pico~/pico-sdk/src/rp2_common/hardware_timer/timer.c.o
 *fill*         0x20003b42        0x2 
 .sbss.uart_char_to_line_feed
                0x20003b44        0x4 CMakeFiles/pico2_hardened.dir/home/martina/pico~/pico-sdk/src/rp2_common/hardware_uart/uart.c.o
                0x20003b44                uart_char_to_line_feed
 .sbss.load_value
                0x20003b48        0x4 CMakeFiles/pico2_hardened.dir/home/martina/pico~/pico-sdk/src/rp2_common/hardware_watchdog/watchdog.c.o
 .sbss.lazy_vsnprintf
                0x20003b4c        0x4 CMakeFiles/pico2_hardened.dir/home/martina/pico~/pico-sdk/src/rp2_common/pico_printf/printf.c.o
 .sbss.filter   0x20003b50        0x4 CMakeFiles/pico2_hardened.dir/home/martina/pico~/pico-sdk/src/rp2_common/pico_stdio/stdio.c.o
 .sbss.drivers  0x20003b54        0x4 CMakeFiles/pico2_hardened.dir/home/martina/pico~/pico-sdk/src/rp2_common/pico_stdio/stdio.c.o
 .sbss.chars_available_param
                0x20003b58        0x4 CMakeFiles/pico2_hardened.dir/home/martina/pico~/pico-sdk/src/rp2_common/pico_stdio_uart/stdio_uart.c.o
 .sbss.chars_available_callback
                0x20003b5c        0x4 CMakeFiles/pico2_hardened.dir/home/martina/pico~/pico-sdk/src/rp2_common/pico_stdio_uart/stdio_uart.c.o
 .sbss.uart_instance
                0x20003b60        0x4 CMakeFiles/pico2_hardened.dir/home/martina/pico~/pico-sdk/src/rp2_common/pico_stdio_uart/stdio_uart.c.o
 *fill*         0x20003b64        0x4 
 .sbss.last_avail_time.1
                0x20003b68        0x8 CMakeFiles/pico2_hardened.dir/home/martina/pico~/pico-sdk/src/rp2_common/pico_stdio_usb/stdio_usb.c.o
 .sbss.low_priority_irq_num
                0x20003b70        0x1 CMakeFiles/pico2_hardened.dir/home/martina/pico~/pico-sdk/src/rp2_common/pico_stdio_usb/stdio_usb.c.o
 .sbss.one_shot_timer_pending
                0x20003b71        0x1 CMakeFiles/pico2_hardened.dir/home/martina/pico~/pico-sdk/src/rp2_common/pico_stdio_usb/stdio_usb.c.o
 *fill*         0x20003b72        0x2 
 .sbss.one_shot_timer_crit_sec
                0x20003b74        0x8 CMakeFiles/pico2_hardened.dir/home/martina/pico~/pico-sdk/src/rp2_common/pico_stdio_usb/stdio_usb.c.o
 .sbss.chars_available_param
                0x20003b7c        0x4 CMakeFiles/pico2_hardened.dir/home/martina/pico~/pico-sdk/src/rp2_common/pico_stdio_usb/stdio_usb.c.o
 .sbss.chars_available_callback
                0x20003b80        0x4 CMakeFiles/pico2_hardened.dir/home/martina/pico~/pico-sdk/src/rp2_common/pico_stdio_usb/stdio_usb.c.o
 .sbss.stdio_usb_mutex
                0x20003b84        0x8 CMakeFiles/pico2_hardened.dir/home/martina/pico~/pico-sdk/src/rp2_common/pico_stdio_usb/stdio_usb.c.o
 .sbss.retrieved_id
                0x20003b8c        0x8 CMakeFiles/pico2_hardened.dir/home/martina/pico~/pico-sdk/src/rp2_common/pico_unique_id/unique_id.c.o
 .sbss.itf_num  0x20003b94        0x1 CMakeFiles/pico2_hardened.dir/home/martina/pico~/pico-sdk/src/rp2_common/pico_usb_reset/usb_reset.c.o
 .sbss._sof_enable
                0x20003b95        0x1 CMakeFiles/pico2_hardened.dir/home/martina/pico~/pico-sdk/lib/tinyusb/src/portable/raspberrypi/rp2040/dcd_rp2040.c.o
 *fill*         0x20003b96        0x2 
 .sbss.next_buffer_ptr
                0x20003b98        0x4 CMakeFiles/pico2_hardened.dir/home/martina/pico~/pico-sdk/lib/tinyusb/src/portable/raspberrypi/rp2040/dcd_rp2040.c.o
 .sbss.e15_last_sof
                0x20003b9c        0x4 CMakeFiles/pico2_hardened.dir/home/martina/pico~/pico-sdk/lib/tinyusb/src/portable/raspberrypi/rp2040/rp2040_usb.c.o
                0x20003b9c                e15_last_sof
 .sbss._usbd_mutex
                0x20003ba0        0x4 CMakeFiles/pico2_hardened.dir/home/martina/pico~/pico-sdk/lib/tinyusb/src/device/usbd.c.o
 .sbss._ubsd_mutexdef
                0x20003ba4        0x8 CMakeFiles/pico2_hardened.dir/home/martina/pico~/pico-sdk/lib/tinyusb/src/device/usbd.c.o
 .sbss._usbd_q  0x20003bac        0x4 CMakeFiles/pico2_hardened.dir/home/martina/pico~/pico-sdk/lib/tinyusb/src/device/usbd.c.o
 .sbss._app_driver_count
                0x20003bb0        0x1 CMakeFiles/pico2_hardened.dir/home/martina/pico~/pico-sdk/lib/tinyusb/src/device/usbd.c.o
 *fill*         0x20003bb1        0x3 
 .sbss._app_driver
                0x20003bb4        0x4 CMakeFiles/pico2_hardened.dir/home/martina/pico~/pico-sdk/lib/tinyusb/src/device/usbd.c.o
 .sbss._usbd_queued_setup
                0x20003bb8        0x1 CMakeFiles/pico2_hardened.dir/home/martina/pico~/pico-sdk/lib/tinyusb/src/device/usbd.c.o
 *fill*         0x20003bb9        0x3 
 .sbss._cdcd_fifo_cfg
                0x20003bbc        0x1 CMakeFiles/pico2_hardened.dir/home/martina/pico~/pico-sdk/lib/tinyusb/src/class/cdc/cdc_device.c.o
 *fill*         0x20003bbd        0x3 
 .sbss._tusb_rhport_role
                0x20003bc0        0x8 CMakeFiles/pico2_hardened.dir/home/martina/pico~/pico-sdk/lib/tinyusb/src/tusb.c.o
                0x20003bc0                _tusb_rhport_role
                0x20003bc8                        . = ALIGN (0x4)
                0x20003bc8                        __bss_end__ = .
                [!provide]                        PROVIDE (__tls_start = SIZEOF (.tdata)?ADDR (.tdata):ADDR (.tbss))
                [!provide]                        PROVIDE (__tls_size = (__tls_end - __tls_start))
                [!provide]                        PROVIDE (__tls_align = MAX (ALIGNOF (.tdata), ALIGNOF (.tbss)))
                [!provide]                        PROVIDE (__tls_size_align = ALIGN (__tls_size, __tls_align))
                [!provide]                        PROVIDE (__arm32_tls_tcb_offset = MAX (0x8, __tls_align))
                0x00000000                        PROVIDE (__tdata_size = SIZEOF (.tdata))
                0x1000b35c                        PROVIDE (__tdata_source = LOADADDR (.tdata))
                0x00000000                        PROVIDE (__tbss_size = SIZEOF (.tbss))
                [!provide]                        PROVIDE (__tbss_offset = (ADDR (.tbss) - __tls_start))

.tlsX_not_needed_marker
 *(.tlsX_not_needed_marker)
                [!provide]                        PROVIDE (__tlsX_align = (SIZEOF (.tlsX_not_needed_marker) > 0x0)?0x4:__tls_align)
                [!provide]                        PROVIDE (__tlsX_size_align = (SIZEOF (.tlsX_not_needed_marker) > 0x0)?0x0:__tls_size_align)
                0x2000324c                        __tls_start = DEFINED (__tls_start)?__tls_start:SIZEOF (.tdata)?ADDR (.tdata):ADDR (.tbss)
                0x00000000                        __tls_size = DEFINED (__tls_size)?__tls_size:(__tls_end - __tls_start)
                0x00000001                        __tls_align = DEFINED (__tls_align)?__tls_align:MAX (ALIGNOF (.tdata), ALIGNOF (.tbss))